Component: ARM Compiler 5.06 update 5 (build 528) Tool: armlink [4d35e2]

==============================================================================

Section Cross References

    startup_stm32f10x_md.o(STACK) refers (Special) to heapauxi.o(.text) for __use_two_region_memory
    startup_stm32f10x_md.o(HEAP) refers (Special) to heapauxi.o(.text) for __use_two_region_memory
    startup_stm32f10x_md.o(RESET) refers (Special) to heapauxi.o(.text) for __use_two_region_memory
    startup_stm32f10x_md.o(RESET) refers to startup_stm32f10x_md.o(STACK) for __initial_sp
    startup_stm32f10x_md.o(RESET) refers to startup_stm32f10x_md.o(.text) for Reset_Handler
    startup_stm32f10x_md.o(RESET) refers to stm32f10x_it.o(i.NMI_Handler) for NMI_Handler
    startup_stm32f10x_md.o(RESET) refers to stm32f10x_it.o(i.HardFault_Handler) for HardFault_Handler
    startup_stm32f10x_md.o(RESET) refers to stm32f10x_it.o(i.MemManage_Handler) for MemManage_Handler
    startup_stm32f10x_md.o(RESET) refers to stm32f10x_it.o(i.BusFault_Handler) for BusFault_Handler
    startup_stm32f10x_md.o(RESET) refers to stm32f10x_it.o(i.UsageFault_Handler) for UsageFault_Handler
    startup_stm32f10x_md.o(RESET) refers to stm32f10x_it.o(i.SVC_Handler) for SVC_Handler
    startup_stm32f10x_md.o(RESET) refers to stm32f10x_it.o(i.DebugMon_Handler) for DebugMon_Handler
    startup_stm32f10x_md.o(RESET) refers to stm32f10x_it.o(i.PendSV_Handler) for PendSV_Handler
    startup_stm32f10x_md.o(RESET) refers to stm32f10x_it.o(i.SysTick_Handler) for SysTick_Handler
    startup_stm32f10x_md.o(RESET) refers to timer.o(i.TIM1_UP_IRQHandler) for TIM1_UP_IRQHandler
    startup_stm32f10x_md.o(RESET) refers to serial.o(i.USART1_IRQHandler) for USART1_IRQHandler
    startup_stm32f10x_md.o(.text) refers (Special) to heapauxi.o(.text) for __use_two_region_memory
    startup_stm32f10x_md.o(.text) refers to system_stm32f10x.o(i.SystemInit) for SystemInit
    startup_stm32f10x_md.o(.text) refers to __main.o(!!!main) for __main
    startup_stm32f10x_md.o(.text) refers to startup_stm32f10x_md.o(HEAP) for Heap_Mem
    startup_stm32f10x_md.o(.text) refers to startup_stm32f10x_md.o(STACK) for Stack_Mem
    system_stm32f10x.o(i.SetSysClock) refers to system_stm32f10x.o(i.SetSysClockTo72) for SetSysClockTo72
    system_stm32f10x.o(i.SystemCoreClockUpdate) refers to system_stm32f10x.o(.data) for SystemCoreClock
    system_stm32f10x.o(i.SystemInit) refers to system_stm32f10x.o(i.SetSysClock) for SetSysClock
    stm32f10x_adc.o(i.ADC_DeInit) refers to stm32f10x_rcc.o(i.RCC_APB2PeriphResetCmd) for RCC_APB2PeriphResetCmd
    stm32f10x_bkp.o(i.BKP_DeInit) refers to stm32f10x_rcc.o(i.RCC_BackupResetCmd) for RCC_BackupResetCmd
    stm32f10x_can.o(i.CAN_DeInit) refers to stm32f10x_rcc.o(i.RCC_APB1PeriphResetCmd) for RCC_APB1PeriphResetCmd
    stm32f10x_can.o(i.CAN_GetITStatus) refers to stm32f10x_can.o(i.CheckITStatus) for CheckITStatus
    stm32f10x_cec.o(i.CEC_DeInit) refers to stm32f10x_rcc.o(i.RCC_APB1PeriphResetCmd) for RCC_APB1PeriphResetCmd
    stm32f10x_dac.o(i.DAC_DeInit) refers to stm32f10x_rcc.o(i.RCC_APB1PeriphResetCmd) for RCC_APB1PeriphResetCmd
    stm32f10x_flash.o(i.FLASH_EnableWriteProtection) refers to stm32f10x_flash.o(i.FLASH_WaitForLastOperation) for FLASH_WaitForLastOperation
    stm32f10x_flash.o(i.FLASH_EraseAllBank1Pages) refers to stm32f10x_flash.o(i.FLASH_WaitForLastBank1Operation) for FLASH_WaitForLastBank1Operation
    stm32f10x_flash.o(i.FLASH_EraseAllPages) refers to stm32f10x_flash.o(i.FLASH_WaitForLastOperation) for FLASH_WaitForLastOperation
    stm32f10x_flash.o(i.FLASH_EraseOptionBytes) refers to stm32f10x_flash.o(i.FLASH_GetReadOutProtectionStatus) for FLASH_GetReadOutProtectionStatus
    stm32f10x_flash.o(i.FLASH_EraseOptionBytes) refers to stm32f10x_flash.o(i.FLASH_WaitForLastOperation) for FLASH_WaitForLastOperation
    stm32f10x_flash.o(i.FLASH_ErasePage) refers to stm32f10x_flash.o(i.FLASH_WaitForLastOperation) for FLASH_WaitForLastOperation
    stm32f10x_flash.o(i.FLASH_ProgramHalfWord) refers to stm32f10x_flash.o(i.FLASH_WaitForLastOperation) for FLASH_WaitForLastOperation
    stm32f10x_flash.o(i.FLASH_ProgramOptionByteData) refers to stm32f10x_flash.o(i.FLASH_WaitForLastOperation) for FLASH_WaitForLastOperation
    stm32f10x_flash.o(i.FLASH_ProgramWord) refers to stm32f10x_flash.o(i.FLASH_WaitForLastOperation) for FLASH_WaitForLastOperation
    stm32f10x_flash.o(i.FLASH_ReadOutProtection) refers to stm32f10x_flash.o(i.FLASH_WaitForLastOperation) for FLASH_WaitForLastOperation
    stm32f10x_flash.o(i.FLASH_UserOptionByteConfig) refers to stm32f10x_flash.o(i.FLASH_WaitForLastOperation) for FLASH_WaitForLastOperation
    stm32f10x_flash.o(i.FLASH_WaitForLastBank1Operation) refers to stm32f10x_flash.o(i.FLASH_GetBank1Status) for FLASH_GetBank1Status
    stm32f10x_flash.o(i.FLASH_WaitForLastOperation) refers to stm32f10x_flash.o(i.FLASH_GetBank1Status) for FLASH_GetBank1Status
[...]
    i.dmp_set_shake_reject_thresh            0x08003014   Section        0  inv_mpu_dmp_motion_driver.o(i.dmp_set_shake_reject_thresh)
    i.dmp_set_shake_reject_time              0x0800304c   Section        0  inv_mpu_dmp_motion_driver.o(i.dmp_set_shake_reject_time)
    i.dmp_set_shake_reject_timeout           0x08003072   Section        0  inv_mpu_dmp_motion_driver.o(i.dmp_set_shake_reject_timeout)
    i.dmp_set_tap_axes                       0x08003098   Section        0  inv_mpu_dmp_motion_driver.o(i.dmp_set_tap_axes)
    i.dmp_set_tap_count                      0x080030de   Section        0  inv_mpu_dmp_motion_driver.o(i.dmp_set_tap_count)
    i.dmp_set_tap_thresh                     0x08003104   Section        0  inv_mpu_dmp_motion_driver.o(i.dmp_set_tap_thresh)
    i.dmp_set_tap_time                       0x080032a4   Section        0  inv_mpu_dmp_motion_driver.o(i.dmp_set_tap_time)
    i.dmp_set_tap_time_multi                 0x080032ca   Section        0  inv_mpu_dmp_motion_driver.o(i.dmp_set_tap_time_multi)
    i.get_accel_prod_shift                   0x080032f0   Section        0  inv_mpu.o(i.get_accel_prod_shift)
    get_accel_prod_shift                     0x080032f1   Thumb Code   168  inv_mpu.o(i.get_accel_prod_shift)
    i.get_st_biases                          0x080033a4   Section        0  inv_mpu.o(i.get_st_biases)
    get_st_biases                            0x080033a5   Thumb Code  1132  inv_mpu.o(i.get_st_biases)
    i.gyro_self_test                         0x08003814   Section        0  inv_mpu.o(i.gyro_self_test)
    gyro_self_test                           0x08003815   Thumb Code   256  inv_mpu.o(i.gyro_self_test)
    i.inv_orientation_matrix_to_scalar       0x08003924   Section        0  inv_mpu.o(i.inv_orientation_matrix_to_scalar)
    i.inv_row_2_scale                        0x0800394c   Section        0  inv_mpu.o(i.inv_row_2_scale)
    i.main                                   0x0800399c   Section        0  main.o(i.main)
    i.mpu6050_read                           0x08003a68   Section        0  mpu6050.o(i.mpu6050_read)
    i.mpu6050_read_reg                       0x08003ac4   Section        0  mpu6050.o(i.mpu6050_read_reg)
    i.mpu6050_write                          0x08003ada   Section        0  mpu6050.o(i.mpu6050_write)
    i.mpu6050_write_reg                      0x08003b1e   Section        0  mpu6050.o(i.mpu6050_write_reg)
    i.mpu_configure_fifo                     0x08003b30   Section        0  inv_mpu.o(i.mpu_configure_fifo)
    i.mpu_get_accel_fsr                      0x08003ba0   Section        0  inv_mpu.o(i.mpu_get_accel_fsr)
    i.mpu_get_accel_sens                     0x08003bec   Section        0  inv_mpu.o(i.mpu_get_accel_sens)
    i.mpu_get_fifo_config                    0x08003c40   Section        0  inv_mpu.o(i.mpu_get_fifo_config)
    i.mpu_get_gyro_fsr                       0x08003c50   Section        0  inv_mpu.o(i.mpu_get_gyro_fsr)
    i.mpu_get_gyro_sens                      0x08003c94   Section        0  inv_mpu.o(i.mpu_get_gyro_sens)
    i.mpu_get_lpf                            0x08003ce4   Section        0  inv_mpu.o(i.mpu_get_lpf)
    i.mpu_get_sample_rate                    0x08003d34   Section        0  inv_mpu.o(i.mpu_get_sample_rate)
    i.mpu_init                               0x08003d54   Section        0  inv_mpu.o(i.mpu_init)
    i.mpu_load_firmware                      0x08003ee4   Section        0  inv_mpu.o(i.mpu_load_firmware)
    i.mpu_lp_accel_mode                      0x08003f9c   Section        0  inv_mpu.o(i.mpu_lp_accel_mode)
    i.mpu_read_fifo_stream                   0x0800407c   Section        0  inv_mpu.o(i.mpu_read_fifo_stream)
    i.mpu_read_mem                           0x0800413c   Section        0  inv_mpu.o(i.mpu_read_mem)
    i.mpu_reset_fifo                         0x080041bc   Section        0  inv_mpu.o(i.mpu_reset_fifo)
    i.mpu_run_self_test                      0x08004384   Section        0  inv_mpu.o(i.mpu_run_self_test)
    i.mpu_set_accel_fsr                      0x080044a0   Section        0  inv_mpu.o(i.mpu_set_accel_fsr)
    i.mpu_set_bypass                         0x08004524   Section        0  inv_mpu.o(i.mpu_set_bypass)
    i.mpu_set_dmp_state                      0x08004670   Section        0  inv_mpu.o(i.mpu_set_dmp_state)
    i.mpu_set_gyro_fsr                       0x08004700   Section        0  inv_mpu.o(i.mpu_set_gyro_fsr)
    i.mpu_set_int_latched                    0x08004788   Section        0  inv_mpu.o(i.mpu_set_int_latched)
    i.mpu_set_lpf                            0x080047f4   Section        0  inv_mpu.o(i.mpu_set_lpf)
    i.mpu_set_sample_rate                    0x08004878   Section        0  inv_mpu.o(i.mpu_set_sample_rate)
    i.mpu_set_sensors                        0x08004914   Section        0  inv_mpu.o(i.mpu_set_sensors)
    i.mpu_write_mem                          0x080049e4   Section        0  inv_mpu.o(i.mpu_write_mem)
    i.power                                  0x08004a64   Section        0  sys.o(i.power)
    i.run_self_test                          0x08004a78   Section        0  inv_mpu.o(i.run_self_test)
    i.set_int_enable                         0x08004b0c   Section        0  inv_mpu.o(i.set_int_enable)
    set_int_enable                           0x08004b0d   Thumb Code   138  inv_mpu.o(i.set_int_enable)
    i.sqrt                                   0x08004b9c   Section        0  sqrt.o(i.sqrt)
    x$fpl$d2f                                0x08004be8   Section       98  d2f.o(x$fpl$d2f)
    x$fpl$dadd                               0x08004c4c   Section      336  daddsub_clz.o(x$fpl$dadd)
    _dadd1                                   0x08004c5d   Thumb Code     0  daddsub_clz.o(x$fpl$dadd)
    x$fpl$dcheck1                            0x08004d9c   Section       16  dcheck1.o(x$fpl$dcheck1)
    x$fpl$ddiv                               0x08004dac   Section      688  ddiv.o(x$fpl$ddiv)
    ddiv_entry                               0x08004db3   Thumb Code     0  ddiv.o(x$fpl$ddiv)
    x$fpl$dfix                               0x0800505c   Section       94  dfix.o(x$fpl$dfix)
    x$fpl$dflt                               0x080050ba   Section       46  dflt_clz.o(x$fpl$dflt)
    x$fpl$dmul                               0x080050e8   Section      340  dmul.o(x$fpl$dmul)
    x$fpl$dnaninf                            0x0800523c   Section      156  dnaninf.o(x$fpl$dnaninf)
    x$fpl$dretinf                            0x080052d8   Section       12  dretinf.o(x$fpl$dretinf)
    x$fpl$drsb                               0x080052e4   Section       22  daddsub_clz.o(x$fpl$drsb)
    x$fpl$dsqrt                              0x080052fc   Section      460  dsqrt_noumaal.o(x$fpl$dsqrt)
    x$fpl$dsub                               0x080054c8   Section      468  daddsub_clz.o(x$fpl$dsub)
    _dsub1                                   0x080054d9   Thumb Code     0  daddsub_clz.o(x$fpl$dsub)
    x$fpl$f2d                                0x0800569c   Section       86  f2d.o(x$fpl$f2d)
    x$fpl$fadd                               0x080056f4   Section      196  faddsub_clz.o(x$fpl$fadd)
    _fadd1                                   0x08005703   Thumb Code     0  faddsub_clz.o(x$fpl$fadd)
    x$fpl$fcmpinf                            0x080057b8   Section       24  fcmpi.o(x$fpl$fcmpinf)
    x$fpl$fdiv                               0x080057d0   Section      388  fdiv.o(x$fpl$fdiv)
    _fdiv1                                   0x080057d1   Thumb Code     0  fdiv.o(x$fpl$fdiv)
    x$fpl$feqf                               0x08005954   Section      104  feqf.o(x$fpl$feqf)
    x$fpl$ffix                               0x080059bc   Section       54  ffix.o(x$fpl$ffix)
    x$fpl$ffixu                              0x080059f4   Section       62  ffixu.o(x$fpl$ffixu)
    x$fpl$fflt                               0x08005a34   Section       48  fflt_clz.o(x$fpl$fflt)
    x$fpl$ffltu                              0x08005a64   Section       38  fflt_clz.o(x$fpl$ffltu)
    x$fpl$fleqf                              0x08005a8c   Section      104  fleqf.o(x$fpl$fleqf)
    x$fpl$fmul                               0x08005af4   Section      258  fmul.o(x$fpl$fmul)
    x$fpl$fnaninf                            0x08005bf6   Section      140  fnaninf.o(x$fpl$fnaninf)
    x$fpl$fretinf                            0x08005c82   Section       10  fretinf.o(x$fpl$fretinf)
    x$fpl$frleqf                             0x08005c8c   Section       98  frleqf.o(x$fpl$frleqf)
    x$fpl$fsub                               0x08005cf0   Section      234  faddsub_clz.o(x$fpl$fsub)
    _fsub1                                   0x08005cff   Thumb Code     0  faddsub_clz.o(x$fpl$fsub)
    x$fpl$retnan                             0x08005dda   Section      100  retnan.o(x$fpl$retnan)
    x$fpl$scalbn                             0x08005e3e   Section       92  scalbn.o(x$fpl$scalbn)
    x$fpl$trapveneer                         0x08005e9a   Section       48  trapv.o(x$fpl$trapveneer)
    .constdata                               0x08005eca   Section     1520  oled.o(.constdata)
    x$fpl$usenofp                            0x08005eca   Section        0  usenofp.o(x$fpl$usenofp)
    .constdata                               0x080064bc   Section       80  inv_mpu.o(.constdata)
    .constdata                               0x0800650c   Section     3062  inv_mpu_dmp_motion_driver.o(.constdata)
    dmp_memory                               0x0800650c   Data        3062  inv_mpu_dmp_motion_driver.o(.constdata)
    .constdata                               0x08007108   Section       80  asin.o(.constdata)
    pS                                       0x08007108   Data          48  asin.o(.constdata)
    qS                                       0x08007138   Data          32  asin.o(.constdata)
    .constdata                               0x08007158   Section      152  atan.o(.constdata)
    atanhi                                   0x08007158   Data          32  atan.o(.constdata)
    atanlo                                   0x08007178   Data          32  atan.o(.constdata)
    aTodd                                    0x08007198   Data          40  atan.o(.constdata)
    aTeven                                   0x080071c0   Data          48  atan.o(.constdata)
    .constdata                               0x080071f0   Section        8  qnan.o(.constdata)
    .data                                    0x20000000   Section       36  pid.o(.data)
    .data                                    0x20000024   Section       11  serial.o(.data)
    RxState                                  0x2000002d   Data           1  serial.o(.data)
    pRxPacket                                0x2000002e   Data           1  serial.o(.data)
    .data                                    0x20000030   Section       44  main.o(.data)
    .data                                    0x2000005c   Section       53  inv_mpu.o(.data)
    st                                       0x2000005c   Data          44  inv_mpu.o(.data)
    gyro_orientation                         0x20000088   Data           9  inv_mpu.o(.data)
    .data                                    0x20000094   Section       44  timer.o(.data)
    .bss                                     0x200000c0   Section       16  inv_mpu_dmp_motion_driver.o(.bss)
    dmp                                      0x200000c0   Data          16  inv_mpu_dmp_motion_driver.o(.bss)
    .bss                                     0x200000d0   Section       96  libspace.o(.bss)
    HEAP                                     0x20000130   Section      512  startup_stm32f10x_md.o(HEAP)
    Heap_Mem                                 0x20000130   Data         512  startup_stm32f10x_md.o(HEAP)
    STACK                                    0x20000330   Section     1024  startup_stm32f10x_md.o(STACK)
    Stack_Mem                                0x20000330   Data        1024  startup_stm32f10x_md.o(STACK)
    __initial_sp                             0x20000730   Data           0  startup_stm32f10x_md.o(STACK)

    Global Symbols

    Symbol Name                              Value     Ov Type        Size  Object(Section)

    BuildAttributes$$THM_ISAv4$P$D$K$B$S$PE$A:L22UL41UL21$X:L11$S22US41US21$IEEE1$IW$USESV6$~STKCKD$USESV7$~SHL$OTIME$ROPI$IEEEX$EBA8$UX$STANDARDLIB$REQ8$PRES8$EABIv2 0x00000000   Number         0  anon$$obj.o ABSOLUTE
    __ARM_use_no_argv                        0x00000000   Number         0  main.o ABSOLUTE
    _printf_flags                            0x00000000   Number         0  printf_stubs.o ABSOLUTE
    _printf_return_value                     0x00000000   Number         0  printf_stubs.o ABSOLUTE
    _printf_sizespec                         0x00000000   Number         0  printf_stubs.o ABSOLUTE
    _printf_widthprec                        0x00000000   Number         0  printf_stubs.o ABSOLUTE
    __ARM_exceptions_init                     - Undefined Weak Reference
    __alloca_initialize                       - Undefined Weak Reference
    __arm_preinit_                            - Undefined Weak Reference
    __cpp_initialize__aeabi_                  - Undefined Weak Reference
    __cxa_finalize                            - Undefined Weak Reference
    __sigvec_lookup                           - Undefined Weak Reference
    _atexit_init                              - Undefined Weak Reference
    _call_atexit_fns                          - Undefined Weak Reference
    _clock_init                               - Undefined Weak Reference
    _fp_trap_init                             - Undefined Weak Reference
    _fp_trap_shutdown                         - Undefined Weak Reference
    _get_lc_collate                           - Undefined Weak Reference
    _get_lc_monetary                          - Undefined Weak Reference
    _get_lc_time                              - Undefined Weak Reference
    _getenv_init                              - Undefined Weak Reference
    _handle_redirection                       - Undefined Weak Reference
    _init_alloc                               - Undefined Weak Reference
    _init_user_alloc                          - Undefined Weak Reference
    _initio                                   - Undefined Weak Reference
    _printf_mbtowc                            - Undefined Weak Reference
    _printf_wc                                - Undefined Weak Reference
    _rand_init                                - Undefined Weak Reference
    _signal_finish                            - Undefined Weak Reference
    _signal_init                              - Undefined Weak Reference
    _terminate_alloc                          - Undefined Weak Reference
    _terminate_user_alloc                     - Undefined Weak Reference
    _terminateio                              - Undefined Weak Reference
    __Vectors_Size                           0x000000ec   Number         0  startup_stm32f10x_md.o ABSOLUTE
    __Vectors                                0x08000000   Data           4  startup_stm32f10x_md.o(RESET)
    __Vectors_End                            0x080000ec   Data           0  startup_stm32f10x_md.o(RESET)
    __main                                   0x080000ed   Thumb Code     8  __main.o(!!!main)
    __scatterload                            0x080000f5   Thumb Code     0  __scatter.o(!!!scatter)
    __scatterload_rt2                        0x080000f5   Thumb Code    44  __scatter.o(!!!scatter)
    __scatterload_rt2_thumb_only             0x080000f5   Thumb Code     0  __scatter.o(!!!scatter)
    __scatterload_null                       0x08000103   Thumb Code     0  __scatter.o(!!!scatter)
    __scatterload_copy                       0x08000129   Thumb Code    26  __scatter_copy.o(!!handler_copy)
    __scatterload_zeroinit                   0x08000145   Thumb Code    28  __scatter_zi.o(!!handler_zi)
    __rt_lib_init                            0x08000161   Thumb Code     0  libinit.o(.ARM.Collect$$libinit$$00000000)
    __rt_lib_init_alloca_1                   0x08000163   Thumb Code     0  libinit2.o(.ARM.Collect$$libinit$$0000002E)
    __rt_lib_init_argv_1                     0x08000163   Thumb Code     0  libinit2.o(.ARM.Collect$$libinit$$0000002C)
    __rt_lib_init_atexit_1                   0x08000163   Thumb Code     0  libinit2.o(.ARM.Collect$$libinit$$0000001B)
    __rt_lib_init_clock_1                    0x08000163   Thumb Code     0  libinit2.o(.ARM.Collect$$libinit$$00000021)
    __rt_lib_init_cpp_1                      0x08000163   Thumb Code     0  libinit2.o(.ARM.Collect$$libinit$$00000032)
    __rt_lib_init_exceptions_1               0x08000163   Thumb Code     0  libinit2.o(.ARM.Collect$$libinit$$00000030)
    __rt_lib_init_fp_1                       0x08000163   Thumb Code     0  libinit2.o(.ARM.Collect$$libinit$$00000002)
    __rt_lib_init_fp_trap_1                  0x08000163   Thumb Code     0  libinit2.o(.ARM.Collect$$libinit$$0000001F)
    __rt_lib_init_getenv_1                   0x08000163   Thumb Code     0  libinit2.o(.ARM.Collect$$libinit$$00000023)
    __rt_lib_init_heap_1                     0x08000163   Thumb Code     0  libinit2.o(.ARM.Collect$$libinit$$0000000A)
    __rt_lib_init_lc_collate_1               0x08000163   Thumb Code     0  libinit2.o(.ARM.Collect$$libinit$$00000011)
    __rt_lib_init_lc_ctype_1                 0x08000163   Thumb Code     0  libinit2.o(.ARM.Collect$$libinit$$00000013)
    __rt_lib_init_lc_monetary_1              0x08000163   Thumb Code     0  libinit2.o(.ARM.Collect$$libinit$$00000015)
    __rt_lib_init_lc_numeric_1               0x08000163   Thumb Code     0  libinit2.o(.ARM.Collect$$libinit$$00000017)
    __rt_lib_init_lc_time_1                  0x08000163   Thumb Code     0  libinit2.o(.ARM.Collect$$libinit$$00000019)
    __rt_lib_init_preinit_1                  0x08000163   Thumb Code     0  libinit2.o(.ARM.Collect$$libinit$$00000004)
    __rt_lib_init_rand_1                     0x08000163   Thumb Code     0  libinit2.o(.ARM.Collect$$libinit$$0000000E)
    __rt_lib_init_return                     0x08000163   Thumb Code     0  libinit2.o(.ARM.Collect$$libinit$$00000033)
    __rt_lib_init_signal_1                   0x08000163   Thumb Code     0  libinit2.o(.ARM.Collect$$libinit$$0000001D)
    __rt_lib_init_stdio_1                    0x08000163   Thumb Code     0  libinit2.o(.ARM.Collect$$libinit$$00000025)
    __rt_lib_init_user_alloc_1               0x08000163   Thumb Code     0  libinit2.o(.ARM.Collect$$libinit$$0000000C)
    __rt_lib_shutdown                        0x08000165   Thumb Code     0  libshutdown.o(.ARM.Collect$$libshutdown$$00000000)
    __rt_lib_shutdown_cpp_1                  0x08000167   Thumb Code     0  libshutdown2.o(.ARM.Collect$$libshutdown$$00000002)
    __rt_lib_shutdown_fp_trap_1              0x08000167   Thumb Code     0  libshutdown2.o(.ARM.Collect$$libshutdown$$00000007)
    __rt_lib_shutdown_heap_1                 0x08000167   Thumb Code     0  libshutdown2.o(.ARM.Collect$$libshutdown$$0000000F)
    __rt_lib_shutdown_return                 0x08000167   Thumb Code     0  libshutdown2.o(.ARM.Collect$$libshutdown$$00000010)
    __rt_lib_shutdown_signal_1               0x08000167   Thumb Code     0  libshutdown2.o(.ARM.Collect$$libshutdown$$0000000A)
    __rt_lib_shutdown_stdio_1                0x08000167   Thumb Code     0  libshutdown2.o(.ARM.Collect$$libshutdown$$00000004)
    __rt_lib_shutdown_user_alloc_1           0x08000167   Thumb Code     0  libshutdown2.o(.ARM.Collect$$libshutdown$$0000000C)
    __rt_entry                               0x08000169   Thumb Code     0  __rtentry.o(.ARM.Collect$$rtentry$$00000000)
    __rt_entry_presh_1                       0x08000169   Thumb Code     0  __rtentry2.o(.ARM.Collect$$rtentry$$00000002)
    __rt_entry_sh                            0x08000169   Thumb Code     0  __rtentry4.o(.ARM.Collect$$rtentry$$00000004)
    __rt_entry_li                            0x0800016f   Thumb Code     0  __rtentry2.o(.ARM.Collect$$rtentry$$0000000A)
    __rt_entry_postsh_1                      0x0800016f   Thumb Code     0  __rtentry2.o(.ARM.Collect$$rtentry$$00000009)
    __rt_entry_main                          0x08000173   Thumb Code     0  __rtentry2.o(.ARM.Collect$$rtentry$$0000000D)
    __rt_entry_postli_1                      0x08000173   Thumb Code     0  __rtentry2.o(.ARM.Collect$$rtentry$$0000000C)
    __rt_exit                                0x0800017b   Thumb Code     0  rtexit.o(.ARM.Collect$$rtexit$$00000000)
    __rt_exit_ls                             0x0800017d   Thumb Code     0  rtexit2.o(.ARM.Collect$$rtexit$$00000003)
    __rt_exit_prels_1                        0x0800017d   Thumb Code     0  rtexit2.o(.ARM.Collect$$rtexit$$00000002)
    __rt_exit_exit                           0x08000181   Thumb Code     0  rtexit2.o(.ARM.Collect$$rtexit$$00000004)
    Reset_Handler                            0x08000189   Thumb Code     8  startup_stm32f10x_md.o(.text)
    ADC1_2_IRQHandler                        0x080001a3   Thumb Code     0  startup_stm32f10x_md.o(.text)
    CAN1_RX1_IRQHandler                      0x080001a3   Thumb Code     0  startup_stm32f10x_md.o(.text)
    CAN1_SCE_IRQHandler                      0x080001a3   Thumb Code     0  startup_stm32f10x_md.o(.text)
    DMA1_Channel1_IRQHandler                 0x080001a3   Thumb Code     0  startup_stm32f10x_md.o(.text)
    DMA1_Channel2_IRQHandler                 0x080001a3   Thumb Code     0  startup_stm32f10x_md.o(.text)
    DMA1_Channel3_IRQHandler                 0x080001a3   Thumb Code     0  startup_stm32f10x_md.o(.text)
    DMA1_Channel4_IRQHandler                 0x080001a3   Thumb Code     0  startup_stm32f10x_md.o(.text)
    DMA1_Channel5_IRQHandler                 0x080001a3   Thumb Code     0  startup_stm32f10x_md.o(.text)
    DMA1_Channel6_IRQHandler                 0x080001a3   Thumb Code     0  startup_stm32f10x_md.o(.text)
    DMA1_Channel7_IRQHandler                 0x080001a3   Thumb Code     0  startup_stm32f10x_md.o(.text)
    EXTI0_IRQHandler                         0x080001a3   Thumb Code     0  startup_stm32f10x_md.o(.text)
    EXTI15_10_IRQHandler                     0x080001a3   Thumb Code     0  startup_stm32f10x_md.o(.text)
    EXTI1_IRQHandler                         0x080001a3   Thumb Code     0  startup_stm32f10x_md.o(.text)
    EXTI2_IRQHandler                         0x080001a3   Thumb Code     0  startup_stm32f10x_md.o(.text)
    EXTI3_IRQHandler                         0x080001a3   Thumb Code     0  startup_stm32f10x_md.o(.text)
    EXTI4_IRQHandler                         0x080001a3   Thumb Code     0  startup_stm32f10x_md.o(.text)
    EXTI9_5_IRQHandler                       0x080001a3   Thumb Code     0  startup_stm32f10x_md.o(.text)
    FLASH_IRQHandler                         0x080001a3   Thumb Code     0  startup_stm32f10x_md.o(.text)
    I2C1_ER_IRQHandler                       0x080001a3   Thumb Code     0  startup_stm32f10x_md.o(.text)
    I2C1_EV_IRQHandler                       0x080001a3   Thumb Code     0  startup_stm32f10x_md.o(.text)
    I2C2_ER_IRQHandler                       0x080001a3   Thumb Code     0  startup_stm32f10x_md.o(.text)
    I2C2_EV_IRQHandler                       0x080001a3   Thumb Code     0  startup_stm32f10x_md.o(.text)
    PVD_IRQHandler                           0x080001a3   Thumb Code     0  startup_stm32f10x_md.o(.text)
    RCC_IRQHandler                           0x080001a3   Thumb Code     0  startup_stm32f10x_md.o(.text)
    RTCAlarm_IRQHandler                      0x080001a3   Thumb Code     0  startup_stm32f10x_md.o(.text)
    RTC_IRQHandler                           0x080001a3   Thumb Code     0  startup_stm32f10x_md.o(.text)
    SPI1_IRQHandler                          0x080001a3   Thumb Code     0  startup_stm32f10x_md.o(.text)
    SPI2_IRQHandler                          0x080001a3   Thumb Code     0  startup_stm32f10x_md.o(.text)
    TAMPER_IRQHandler                        0x080001a3   Thumb Code     0  startup_stm32f10x_md.o(.text)
    TIM1_BRK_IRQHandler                      0x080001a3   Thumb Code     0  startup_stm32f10x_md.o(.text)
    TIM1_CC_IRQHandler                       0x080001a3   Thumb Code     0  startup_stm32f10x_md.o(.text)
    TIM1_TRG_COM_IRQHandler                  0x080001a3   Thumb Code     0  startup_stm32f10x_md.o(.text)
    TIM2_IRQHandler                          0x080001a3   Thumb Code     0  startup_stm32f10x_md.o(.text)
    TIM3_IRQHandler                          0x080001a3   Thumb Code     0  startup_stm32f10x_md.o(.text)
    TIM4_IRQHandler                          0x080001a3   Thumb Code     0  startup_stm32f10x_md.o(.text)
    USART2_IRQHandler                        0x080001a3   Thumb Code     0  startup_stm32f10x_md.o(.text)
    USART3_IRQHandler                        0x080001a3   Thumb Code     0  startup_stm32f10x_md.o(.text)
    USBWakeUp_IRQHandler                     0x080001a3   Thumb Code     0  startup_stm32f10x_md.o(.text)
    USB_HP_CAN1_TX_IRQHandler                0x080001a3   Thumb Code     0  startup_stm32f10x_md.o(.text)
    USB_LP_CAN1_RX0_IRQHandler               0x080001a3   Thumb Code     0  startup_stm32f10x_md.o(.text)
    WWDG_IRQHandler                          0x080001a3   Thumb Code     0  startup_stm32f10x_md.o(.text)
    __user_initial_stackheap                 0x080001a5   Thumb Code     0  startup_stm32f10x_md.o(.text)
    __aeabi_ldivmod                          0x080001c9   Thumb Code     0  llsdiv.o(.text)
    _ll_sdiv                                 0x080001c9   Thumb Code    72  llsdiv.o(.text)
    memcmp                                   0x08000211   Thumb Code    88  memcmp.o(.text)
    __aeabi_memset                           0x08000269   Thumb Code    16  aeabi_memset.o(.text)
    __use_two_region_memory                  0x08000279   Thumb Code     2  heapauxi.o(.text)
    __rt_heap_escrow$2region                 0x0800027b   Thumb Code     2  heapauxi.o(.text)
    __rt_heap_expand$2region                 0x0800027d   Thumb Code     2  heapauxi.o(.text)
    __aeabi_uldivmod                         0x0800027f   Thumb Code     0  lludivv7m.o(.text)
    _ll_udiv                                 0x0800027f   Thumb Code   238  lludivv7m.o(.text)
    __read_errno                             0x0800036d   Thumb Code    10  _rserrno.o(.text)
    __set_errno                              0x08000377   Thumb Code    12  _rserrno.o(.text)
    __aeabi_memclr                           0x08000383   Thumb Code     0  rt_memclr.o(.text)
    __rt_memclr                              0x08000383   Thumb Code    68  rt_memclr.o(.text)
    _memset                                  0x08000387   Thumb Code     0  rt_memclr.o(.text)
    __aeabi_errno_addr                       0x080003c9   Thumb Code     8  rt_errno_addr_intlibspace.o(.text)
    __errno$intlibspace                      0x080003c9   Thumb Code     0  rt_errno_addr_intlibspace.o(.text)
    __rt_errno_addr$intlibspace              0x080003c9   Thumb Code     0  rt_errno_addr_intlibspace.o(.text)
    __aeabi_memclr4                          0x080003d1   Thumb Code     0  rt_memclr_w.o(.text)
    __aeabi_memclr8                          0x080003d1   Thumb Code     0  rt_memclr_w.o(.text)
    __rt_memclr_w                            0x080003d1   Thumb Code    78  rt_memclr_w.o(.text)
    _memset_w                                0x080003d5   Thumb Code     0  rt_memclr_w.o(.text)
    __user_libspace                          0x08000421   Thumb Code     8  libspace.o(.text)
    __user_perproc_libspace                  0x08000421   Thumb Code     0  libspace.o(.text)
    __user_perthread_libspace                0x08000421   Thumb Code     0  libspace.o(.text)
    __user_setup_stackheap                   0x08000429   Thumb Code    74  sys_stackheap_outer.o(.text)
    exit                                     0x08000473   Thumb Code    18  exit.o(.text)
    _sys_exit                                0x08000485   Thumb Code     8  sys_exit.o(.text)
    __I$use$semihosting                      0x08000491   Thumb Code     0  use_no_semi.o(.text)
    __use_no_semihosting_swi                 0x08000491   Thumb Code     2  use_no_semi.o(.text)
    BusFault_Handler                         0x08000493   Thumb Code     4  stm32f10x_it.o(i.BusFault_Handler)
    __semihosting_library_function           0x08000493   Thumb Code     0  indicate_semi.o(.text)
    DebugMon_Handler                         0x08000497   Thumb Code     2  stm32f10x_it.o(i.DebugMon_Handler)
    EncoderM1_Get                            0x08000499   Thumb Code    22  encoder.o(i.EncoderM1_Get)
    EncoderM2_Get                            0x080004b5   Thumb Code    22  encoder.o(i.EncoderM2_Get)
    Encoder_Init                             0x080004d1   Thumb Code   212  encoder.o(i.Encoder_Init)
    GPIO_Init                                0x080005b1   Thumb Code   278  stm32f10x_gpio.o(i.GPIO_Init)
    GPIO_ResetBits                           0x080006c7   Thumb Code     4  stm32f10x_gpio.o(i.GPIO_ResetBits)
    GPIO_SetBits                             0x080006cb   Thumb Code     4  stm32f10x_gpio.o(i.GPIO_SetBits)
    GPIO_WriteBit                            0x080006cf   Thumb Code    10  stm32f10x_gpio.o(i.GPIO_WriteBit)
    HardFault_Handler                        0x080006d9   Thumb Code     4  stm32f10x_it.o(i.HardFault_Handler)
    I_xianfu                                 0x080006dd   Thumb Code    66  pid.o(i.I_xianfu)
    Judge_Move                               0x08000725   Thumb Code    64  motor.o(i.Judge_Move)
    Lwheel_Back                              0x08000765   Thumb Code    24  motor.o(i.Lwheel_Back)
    Lwheel_straight                          0x08000781   Thumb Code    24  motor.o(i.Lwheel_straight)
    MPU6050_DMP_Get_Data                     0x0800079d   Thumb Code   544  inv_mpu.o(i.MPU6050_DMP_Get_Data)
    MPU6050_DMP_Init                         0x080009c1   Thumb Code    74  inv_mpu.o(i.MPU6050_DMP_Init)
    MPU6050_IIC_IO_Init                      0x08000a11   Thumb Code    32  mpu6050_i2c.o(i.MPU6050_IIC_IO_Init)
    MPU6050_IIC_Read_Ack                     0x08000a3d   Thumb Code    72  mpu6050_i2c.o(i.MPU6050_IIC_Read_Ack)
    MPU6050_IIC_Read_Byte                    0x08000a8d   Thumb Code    86  mpu6050_i2c.o(i.MPU6050_IIC_Read_Byte)
    MPU6050_IIC_SDA_IO_IN                    0x08000aed   Thumb Code    22  mpu6050_i2c.o(i.MPU6050_IIC_SDA_IO_IN)
    MPU6050_IIC_SDA_IO_OUT                   0x08000b09   Thumb Code    20  mpu6050_i2c.o(i.MPU6050_IIC_SDA_IO_OUT)
    MPU6050_IIC_Send_Ack                     0x08000b21   Thumb Code    48  mpu6050_i2c.o(i.MPU6050_IIC_Send_Ack)
    MPU6050_IIC_Send_Byte                    0x08000b59   Thumb Code    90  mpu6050_i2c.o(i.MPU6050_IIC_Send_Byte)
    MPU6050_IIC_Start                        0x08000bbd   Thumb Code    46  mpu6050_i2c.o(i.MPU6050_IIC_Start)
    MPU6050_IIC_Stop                         0x08000bf5   Thumb Code    52  mpu6050_i2c.o(i.MPU6050_IIC_Stop)
    MPU6050_Init                             0x08000c31   Thumb Code   114  mpu6050.o(i.MPU6050_Init)
    MPU_Set_Accel_Fsr                        0x08000ca3   Thumb Code    18  mpu6050.o(i.MPU_Set_Accel_Fsr)
    MPU_Set_Gyro_Fsr                         0x08000cb5   Thumb Code    18  mpu6050.o(i.MPU_Set_Gyro_Fsr)
    MPU_Set_LPF                              0x08000cc7   Thumb Code    60  mpu6050.o(i.MPU_Set_LPF)
    MPU_Set_Rate                             0x08000d03   Thumb Code    56  mpu6050.o(i.MPU_Set_Rate)
    MemManage_Handler                        0x08000d3b   Thumb Code     4  stm32f10x_it.o(i.MemManage_Handler)
    Motor_Init                               0x08000d41   Thumb Code    70  motor.o(i.Motor_Init)
    My_GPIO_Init                             0x08000d8d   Thumb Code   172  sys.o(i.My_GPIO_Init)
    NMI_Handler                              0x08000e3d   Thumb Code     2  stm32f10x_it.o(i.NMI_Handler)
    NVIC_Init                                0x08000e41   Thumb Code   100  misc.o(i.NVIC_Init)
    NVIC_PriorityGroupConfig                 0x08000eb1   Thumb Code    10  misc.o(i.NVIC_PriorityGroupConfig)
    OLED_Clear                               0x08000ec5   Thumb Code    42  oled.o(i.OLED_Clear)
    OLED_I2C_Init                            0x08000ef1   Thumb Code    72  oled.o(i.OLED_I2C_Init)
    OLED_I2C_SendByte                        0x08000f3d   Thumb Code    74  oled.o(i.OLED_I2C_SendByte)
    OLED_I2C_Start                           0x08000f8d   Thumb Code    44  oled.o(i.OLED_I2C_Start)
    OLED_I2C_Stop                            0x08000fbd   Thumb Code    34  oled.o(i.OLED_I2C_Stop)
    OLED_Init                                0x08000fe5   Thumb Code   174  oled.o(i.OLED_Init)
    OLED_Pow                                 0x08001093   Thumb Code    20  oled.o(i.OLED_Pow)
    OLED_SetCursor                           0x080010a7   Thumb Code    34  oled.o(i.OLED_SetCursor)
    OLED_ShowChar                            0x080010c9   Thumb Code   110  oled.o(i.OLED_ShowChar)
    OLED_ShowSignedNum                       0x0800113d   Thumb Code   102  oled.o(i.OLED_ShowSignedNum)
    OLED_WriteCommand                        0x080011a3   Thumb Code    32  oled.o(i.OLED_WriteCommand)
    OLED_WriteData                           0x080011c3   Thumb Code    32  oled.o(i.OLED_WriteData)
    PWM_Init                                 0x080011e5   Thumb Code   160  pwm.o(i.PWM_Init)
    PWM_Limition                             0x08001289   Thumb Code    44  motor.o(i.PWM_Limition)
    PWM_SetCompareM1                         0x080012b5   Thumb Code    16  pwm.o(i.PWM_SetCompareM1)
    PWM_SetCompareM2                         0x080012c5   Thumb Code    16  pwm.o(i.PWM_SetCompareM2)
    PendSV_Handler                           0x080012d5   Thumb Code     2  stm32f10x_it.o(i.PendSV_Handler)
    RCC_APB1PeriphClockCmd                   0x080012d9   Thumb Code    26  stm32f10x_rcc.o(i.RCC_APB1PeriphClockCmd)
    RCC_APB2PeriphClockCmd                   0x080012f9   Thumb Code    26  stm32f10x_rcc.o(i.RCC_APB2PeriphClockCmd)
    Rwheel_Back                              0x08001319   Thumb Code    24  motor.o(i.Rwheel_Back)
    Rwheel_straight                          0x08001335   Thumb Code    24  motor.o(i.Rwheel_straight)
    SVC_Handler                              0x08001351   Thumb Code     2  stm32f10x_it.o(i.SVC_Handler)
    SysTick_Handler                          0x0800143d   Thumb Code     2  stm32f10x_it.o(i.SysTick_Handler)
    SystemInit                               0x08001441   Thumb Code    78  system_stm32f10x.o(i.SystemInit)
    TIM1_UP_IRQHandler                       0x080016e1   Thumb Code   270  timer.o(i.TIM1_UP_IRQHandler)
    TIM_ClearITPendingBit                    0x08001841   Thumb Code     6  stm32f10x_tim.o(i.TIM_ClearITPendingBit)
    TIM_Cmd                                  0x08001847   Thumb Code    24  stm32f10x_tim.o(i.TIM_Cmd)
    TIM_EncoderInterfaceConfig               0x0800185f   Thumb Code    66  stm32f10x_tim.o(i.TIM_EncoderInterfaceConfig)
    TIM_GetCounter                           0x080018a1   Thumb Code     6  stm32f10x_tim.o(i.TIM_GetCounter)
    TIM_GetITStatus                          0x080018a7   Thumb Code    34  stm32f10x_tim.o(i.TIM_GetITStatus)
    TIM_ICInit                               0x080018c9   Thumb Code   150  stm32f10x_tim.o(i.TIM_ICInit)
    TIM_ICStructInit                         0x08001975   Thumb Code    18  stm32f10x_tim.o(i.TIM_ICStructInit)
    TIM_ITConfig                             0x08001987   Thumb Code    18  stm32f10x_tim.o(i.TIM_ITConfig)
    TIM_InternalClockConfig                  0x08001999   Thumb Code    12  stm32f10x_tim.o(i.TIM_InternalClockConfig)
    TIM_OC3Init                              0x080019a5   Thumb Code   150  stm32f10x_tim.o(i.TIM_OC3Init)
    TIM_OC4Init                              0x08001a45   Thumb Code   114  stm32f10x_tim.o(i.TIM_OC4Init)
    TIM_OCStructInit                         0x08001ac1   Thumb Code    20  stm32f10x_tim.o(i.TIM_OCStructInit)
    TIM_SetCompare3                          0x08001ad5   Thumb Code     4  stm32f10x_tim.o(i.TIM_SetCompare3)
    TIM_SetCompare4                          0x08001ad9   Thumb Code     6  stm32f10x_tim.o(i.TIM_SetCompare4)
    TIM_SetCounter                           0x08001adf   Thumb Code     4  stm32f10x_tim.o(i.TIM_SetCounter)
    TIM_SetIC1Prescaler                      0x08001ae3   Thumb Code    18  stm32f10x_tim.o(i.TIM_SetIC1Prescaler)
    TIM_SetIC2Prescaler                      0x08001af5   Thumb Code    26  stm32f10x_tim.o(i.TIM_SetIC2Prescaler)
    TIM_SetIC3Prescaler                      0x08001b0f   Thumb Code    18  stm32f10x_tim.o(i.TIM_SetIC3Prescaler)
    TIM_SetIC4Prescaler                      0x08001b21   Thumb Code    26  stm32f10x_tim.o(i.TIM_SetIC4Prescaler)
    TIM_TimeBaseInit                         0x08001b3d   Thumb Code   122  stm32f10x_tim.o(i.TIM_TimeBaseInit)
    TIM_TimeBaseStructInit                   0x08001be1   Thumb Code    18  stm32f10x_tim.o(i.TIM_TimeBaseStructInit)
    Timer_Init                               0x08001bf5   Thumb Code   122  timer.o(i.Timer_Init)
    Turn_PID_Value                           0x08001c75   Thumb Code    38  pid.o(i.Turn_PID_Value)
    USART1_IRQHandler                        0x08001ca5   Thumb Code   102  serial.o(i.USART1_IRQHandler)
    USART_ClearITPendingBit                  0x08001d1d   Thumb Code    30  stm32f10x_usart.o(i.USART_ClearITPendingBit)
    USART_GetITStatus                        0x08001d3b   Thumb Code    84  stm32f10x_usart.o(i.USART_GetITStatus)
    USART_ReceiveData                        0x08001d8f   Thumb Code    10  stm32f10x_usart.o(i.USART_ReceiveData)
    UsageFault_Handler                       0x08001d99   Thumb Code     4  stm32f10x_it.o(i.UsageFault_Handler)
    Velocity_PID_Value                       0x08001d9d   Thumb Code   142  pid.o(i.Velocity_PID_Value)
    Vertical_PID_Value                       0x08001e49   Thumb Code   126  pid.o(i.Vertical_PID_Value)
    __ARM_fpclassify                         0x08001ee5   Thumb Code    40  fpclassify.o(i.__ARM_fpclassify)
    __kernel_poly                            0x08001f0d   Thumb Code   170  poly.o(i.__kernel_poly)
    __mathlib_dbl_infnan                     0x08001fb7   Thumb Code     6  dunder.o(i.__mathlib_dbl_infnan)
    __mathlib_dbl_infnan2                    0x08001fbd   Thumb Code     4  dunder.o(i.__mathlib_dbl_infnan2)
    __mathlib_dbl_invalid                    0x08001fc1   Thumb Code    12  dunder.o(i.__mathlib_dbl_invalid)
    __mathlib_dbl_underflow                  0x08001fcd   Thumb Code    10  dunder.o(i.__mathlib_dbl_underflow)
    asin                                     0x08002085   Thumb Code   572  asin.o(i.asin)
    atan                                     0x080022f5   Thumb Code   474  atan.o(i.atan)
    atan2                                    0x08002515   Thumb Code   346  atan2.o(i.atan2)
    delay_ms                                 0x080026f9   Thumb Code    24  delay.o(i.delay_ms)
    delay_us                                 0x08002711   Thumb Code    46  delay.o(i.delay_us)
    dmp_enable_6x_lp_quat                    0x0800273f   Thumb Code    60  inv_mpu_dmp_motion_driver.o(i.dmp_enable_6x_lp_quat)
    dmp_enable_feature                       0x0800277d   Thumb Code   530  inv_mpu_dmp_motion_driver.o(i.dmp_enable_feature)
    dmp_enable_gyro_cal                      0x08002999   Thumb Code    62  inv_mpu_dmp_motion_driver.o(i.dmp_enable_gyro_cal)
    dmp_enable_lp_quat                       0x080029f1   Thumb Code    60  inv_mpu_dmp_motion_driver.o(i.dmp_enable_lp_quat)
    dmp_load_motion_driver_firmware          0x08002a2d   Thumb Code    20  inv_mpu_dmp_motion_driver.o(i.dmp_load_motion_driver_firmware)
    dmp_read_fifo                            0x08002a45   Thumb Code   450  inv_mpu_dmp_motion_driver.o(i.dmp_read_fifo)
    dmp_set_accel_bias                       0x08002c0d   Thumb Code   300  inv_mpu_dmp_motion_driver.o(i.dmp_set_accel_bias)
    dmp_set_fifo_rate                        0x08002d3d   Thumb Code    96  inv_mpu_dmp_motion_driver.o(i.dmp_set_fifo_rate)
    dmp_set_gyro_bias                        0x08002dad   Thumb Code   294  inv_mpu_dmp_motion_driver.o(i.dmp_set_gyro_bias)
    dmp_set_orientation                      0x08002edd   Thumb Code   290  inv_mpu_dmp_motion_driver.o(i.dmp_set_orientation)
    dmp_set_shake_reject_thresh              0x08003015   Thumb Code    56  inv_mpu_dmp_motion_driver.o(i.dmp_set_shake_reject_thresh)
    dmp_set_shake_reject_time                0x0800304d   Thumb Code    38  inv_mpu_dmp_motion_driver.o(i.dmp_set_shake_reject_time)
    dmp_set_shake_reject_timeout             0x08003073   Thumb Code    38  inv_mpu_dmp_motion_driver.o(i.dmp_set_shake_reject_timeout)
    dmp_set_tap_axes                         0x08003099   Thumb Code    70  inv_mpu_dmp_motion_driver.o(i.dmp_set_tap_axes)
    dmp_set_tap_count                        0x080030df   Thumb Code    38  inv_mpu_dmp_motion_driver.o(i.dmp_set_tap_count)
    dmp_set_tap_thresh                       0x08003105   Thumb Code   396  inv_mpu_dmp_motion_driver.o(i.dmp_set_tap_thresh)
    dmp_set_tap_time                         0x080032a5   Thumb Code    38  inv_mpu_dmp_motion_driver.o(i.dmp_set_tap_time)
    dmp_set_tap_time_multi                   0x080032cb   Thumb Code    38  inv_mpu_dmp_motion_driver.o(i.dmp_set_tap_time_multi)
    inv_orientation_matrix_to_scalar         0x08003925   Thumb Code    40  inv_mpu.o(i.inv_orientation_matrix_to_scalar)
    inv_row_2_scale                          0x0800394d   Thumb Code    78  inv_mpu.o(i.inv_row_2_scale)
    main                                     0x0800399d   Thumb Code   162  main.o(i.main)
    mpu6050_read                             0x08003a69   Thumb Code    92  mpu6050.o(i.mpu6050_read)
    mpu6050_read_reg                         0x08003ac5   Thumb Code    22  mpu6050.o(i.mpu6050_read_reg)
    mpu6050_write                            0x08003adb   Thumb Code    68  mpu6050.o(i.mpu6050_write)
    mpu6050_write_reg                        0x08003b1f   Thumb Code    18  mpu6050.o(i.mpu6050_write_reg)
    mpu_configure_fifo                       0x08003b31   Thumb Code   106  inv_mpu.o(i.mpu_configure_fifo)
    mpu_get_accel_fsr                        0x08003ba1   Thumb Code    72  inv_mpu.o(i.mpu_get_accel_fsr)
    mpu_get_accel_sens                       0x08003bed   Thumb Code    78  inv_mpu.o(i.mpu_get_accel_sens)
    mpu_get_fifo_config                      0x08003c41   Thumb Code    12  inv_mpu.o(i.mpu_get_fifo_config)
    mpu_get_gyro_fsr                         0x08003c51   Thumb Code    64  inv_mpu.o(i.mpu_get_gyro_fsr)
    mpu_get_gyro_sens                        0x08003c95   Thumb Code    58  inv_mpu.o(i.mpu_get_gyro_sens)
    mpu_get_lpf                              0x08003ce5   Thumb Code    74  inv_mpu.o(i.mpu_get_lpf)
    mpu_get_sample_rate                      0x08003d35   Thumb Code    26  inv_mpu.o(i.mpu_get_sample_rate)
    mpu_init                                 0x08003d55   Thumb Code   396  inv_mpu.o(i.mpu_init)
    mpu_load_firmware                        0x08003ee5   Thumb Code   180  inv_mpu.o(i.mpu_load_firmware)
    mpu_lp_accel_mode                        0x08003f9d   Thumb Code   218  inv_mpu.o(i.mpu_lp_accel_mode)
    mpu_read_fifo_stream                     0x0800407d   Thumb Code   186  inv_mpu.o(i.mpu_read_fifo_stream)
    mpu_read_mem                             0x0800413d   Thumb Code   122  inv_mpu.o(i.mpu_read_mem)
    mpu_reset_fifo                           0x080041bd   Thumb Code   450  inv_mpu.o(i.mpu_reset_fifo)
    mpu_run_self_test                        0x08004385   Thumb Code   278  inv_mpu.o(i.mpu_run_self_test)
    mpu_set_accel_fsr                        0x080044a1   Thumb Code   126  inv_mpu.o(i.mpu_set_accel_fsr)
    mpu_set_bypass                           0x08004525   Thumb Code   328  inv_mpu.o(i.mpu_set_bypass)
    mpu_set_dmp_state                        0x08004671   Thumb Code   138  inv_mpu.o(i.mpu_set_dmp_state)
    mpu_set_gyro_fsr                         0x08004701   Thumb Code   132  inv_mpu.o(i.mpu_set_gyro_fsr)
    mpu_set_int_latched                      0x08004789   Thumb Code   102  inv_mpu.o(i.mpu_set_int_latched)
    mpu_set_lpf                              0x080047f5   Thumb Code   126  inv_mpu.o(i.mpu_set_lpf)
    mpu_set_sample_rate                      0x08004879   Thumb Code   152  inv_mpu.o(i.mpu_set_sample_rate)
    mpu_set_sensors                          0x08004915   Thumb Code   202  inv_mpu.o(i.mpu_set_sensors)
    mpu_write_mem                            0x080049e5   Thumb Code   122  inv_mpu.o(i.mpu_write_mem)
    power                                    0x08004a65   Thumb Code    20  sys.o(i.power)
    run_self_test                            0x08004a79   Thumb Code   148  inv_mpu.o(i.run_self_test)
    sqrt                                     0x08004b9d   Thumb Code    76  sqrt.o(i.sqrt)
    __aeabi_d2f                              0x08004be9   Thumb Code     0  d2f.o(x$fpl$d2f)
    _d2f                                     0x08004be9   Thumb Code    98  d2f.o(x$fpl$d2f)
    __aeabi_dadd                             0x08004c4d   Thumb Code     0  daddsub_clz.o(x$fpl$dadd)
    _dadd                                    0x08004c4d   Thumb Code   332  daddsub_clz.o(x$fpl$dadd)
    __fpl_dcheck_NaN1                        0x08004d9d   Thumb Code    10  dcheck1.o(x$fpl$dcheck1)
    __aeabi_ddiv                             0x08004dad   Thumb Code     0  ddiv.o(x$fpl$ddiv)
    _ddiv                                    0x08004dad   Thumb Code   552  ddiv.o(x$fpl$ddiv)
    __aeabi_d2iz                             0x0800505d   Thumb Code     0  dfix.o(x$fpl$dfix)
    _dfix                                    0x0800505d   Thumb Code    94  dfix.o(x$fpl$dfix)
    __aeabi_i2d                              0x080050bb   Thumb Code     0  dflt_clz.o(x$fpl$dflt)
    _dflt                                    0x080050bb   Thumb Code    46  dflt_clz.o(x$fpl$dflt)
    __aeabi_dmul                             0x080050e9   Thumb Code     0  dmul.o(x$fpl$dmul)
    _dmul                                    0x080050e9   Thumb Code   332  dmul.o(x$fpl$dmul)
    __fpl_dnaninf                            0x0800523d   Thumb Code   156  dnaninf.o(x$fpl$dnaninf)
    __fpl_dretinf                            0x080052d9   Thumb Code    12  dretinf.o(x$fpl$dretinf)
    __aeabi_drsub                            0x080052e5   Thumb Code     0  daddsub_clz.o(x$fpl$drsb)
    _drsb                                    0x080052e5   Thumb Code    22  daddsub_clz.o(x$fpl$drsb)
    _dsqrt                                   0x080052fd   Thumb Code   456  dsqrt_noumaal.o(x$fpl$dsqrt)
    __aeabi_dsub                             0x080054c9   Thumb Code     0  daddsub_clz.o(x$fpl$dsub)
    _dsub                                    0x080054c9   Thumb Code   464  daddsub_clz.o(x$fpl$dsub)
    __aeabi_f2d                              0x0800569d   Thumb Code     0  f2d.o(x$fpl$f2d)
    _f2d                                     0x0800569d   Thumb Code    86  f2d.o(x$fpl$f2d)
    __aeabi_fadd                             0x080056f5   Thumb Code     0  faddsub_clz.o(x$fpl$fadd)
    _fadd                                    0x080056f5   Thumb Code   196  faddsub_clz.o(x$fpl$fadd)
    __fpl_fcmp_Inf                           0x080057b9   Thumb Code    24  fcmpi.o(x$fpl$fcmpinf)
    __aeabi_fdiv                             0x080057d1   Thumb Code     0  fdiv.o(x$fpl$fdiv)
    _fdiv                                    0x080057d1   Thumb Code   384  fdiv.o(x$fpl$fdiv)
    __aeabi_cfcmpeq                          0x08005955   Thumb Code     0  feqf.o(x$fpl$feqf)
    _fcmpeq                                  0x08005955   Thumb Code   104  feqf.o(x$fpl$feqf)
    __aeabi_f2iz                             0x080059bd   Thumb Code     0  ffix.o(x$fpl$ffix)
    _ffix                                    0x080059bd   Thumb Code    54  ffix.o(x$fpl$ffix)
    __aeabi_f2uiz                            0x080059f5   Thumb Code     0  ffixu.o(x$fpl$ffixu)
    _ffixu                                   0x080059f5   Thumb Code    62  ffixu.o(x$fpl$ffixu)
    __aeabi_i2f                              0x08005a35   Thumb Code     0  fflt_clz.o(x$fpl$fflt)
    _fflt                                    0x08005a35   Thumb Code    48  fflt_clz.o(x$fpl$fflt)
    __aeabi_ui2f                             0x08005a65   Thumb Code     0  fflt_clz.o(x$fpl$ffltu)
    _ffltu                                   0x08005a65   Thumb Code    38  fflt_clz.o(x$fpl$ffltu)
    __aeabi_cfcmple                          0x08005a8d   Thumb Code     0  fleqf.o(x$fpl$fleqf)
    _fcmple                                  0x08005a8d   Thumb Code   104  fleqf.o(x$fpl$fleqf)
    __fpl_fcmple_InfNaN                      0x08005adf   Thumb Code     0  fleqf.o(x$fpl$fleqf)
    __aeabi_fmul                             0x08005af5   Thumb Code     0  fmul.o(x$fpl$fmul)
    _fmul                                    0x08005af5   Thumb Code   258  fmul.o(x$fpl$fmul)
    __fpl_fnaninf                            0x08005bf7   Thumb Code   140  fnaninf.o(x$fpl$fnaninf)
    __fpl_fretinf                            0x08005c83   Thumb Code    10  fretinf.o(x$fpl$fretinf)
    __aeabi_cfrcmple                         0x08005c8d   Thumb Code     0  frleqf.o(x$fpl$frleqf)
    _frcmple                                 0x08005c8d   Thumb Code    98  frleqf.o(x$fpl$frleqf)
    __aeabi_fsub                             0x08005cf1   Thumb Code     0  faddsub_clz.o(x$fpl$fsub)
    _fsub                                    0x08005cf1   Thumb Code   234  faddsub_clz.o(x$fpl$fsub)
    __fpl_return_NaN                         0x08005ddb   Thumb Code   100  retnan.o(x$fpl$retnan)
    __ARM_scalbn                             0x08005e3f   Thumb Code    92  scalbn.o(x$fpl$scalbn)
    __fpl_cmpreturn                          0x08005e9b   Thumb Code    48  trapv.o(x$fpl$trapveneer)
    OLED_F8x16                               0x08005eca   Data        1520  oled.o(.constdata)
    __I$use$fp                               0x08005eca   Number         0  usenofp.o(x$fpl$usenofp)
    hw                                       0x080064bc   Data          12  inv_mpu.o(.constdata)
    reg                                      0x080064c8   Data          27  inv_mpu.o(.constdata)
    test                                     0x080064e4   Data          40  inv_mpu.o(.constdata)
    __mathlib_zero                           0x080071f0   Data           8  qnan.o(.constdata)
    Region$$Table$$Base                      0x080071f8   Number         0  anon$$obj.o(Region$$Table)
    Region$$Table$$Limit                     0x08007218   Number         0  anon$$obj.o(Region$$Table)
    err                                      0x20000000   Data           4  pid.o(.data)
    last_err                                 0x20000004   Data           4  pid.o(.data)
    err_sum                                  0x20000008   Data           4  pid.o(.data)
    err_difference                           0x2000000c   Data           4  pid.o(.data)
    filt_velocity                            0x20000010   Data           4  pid.o(.data)
    velocity                                 0x20000014   Data           4  pid.o(.data)
    last_filt_velocity                       0x20000018   Data           4  pid.o(.data)
    velocity_sum                             0x2000001c   Data           4  pid.o(.data)
    yaw_err                                  0x20000020   Data           4  pid.o(.data)
    Serial_TxPacket                          0x20000024   Data           4  serial.o(.data)
    Serial_RxPacket                          0x20000028   Data           4  serial.o(.data)
    Serial_RxFlag                            0x2000002c   Data           1  serial.o(.data)
    zhongzhi                                 0x20000030   Data           4  main.o(.data)
    velocity_calcu                           0x20000034   Data           4  main.o(.data)
    yaw_calcu                                0x20000038   Data           4  main.o(.data)
    Motor_Flag                               0x2000003c   Data           4  main.o(.data)
    Motor                                    0x20000040   Data           4  main.o(.data)
    Kp                                       0x20000044   Data           4  main.o(.data)
    Ki                                       0x20000048   Data           4  main.o(.data)
    Kd                                       0x2000004c   Data           4  main.o(.data)
    VKp                                      0x20000050   Data           4  main.o(.data)
    VKi                                      0x20000054   Data           4  main.o(.data)
    TKp                                      0x20000058   Data           4  main.o(.data)
    Pitch                                    0x20000094   Data           4  timer.o(.data)
    Roll                                     0x20000098   Data           4  timer.o(.data)
    Yaw                                      0x2000009c   Data           4  timer.o(.data)
    measure                                  0x200000a0   Data           4  timer.o(.data)
    calcu                                    0x200000a4   Data           4  timer.o(.data)
    Velocity_measure                         0x200000a8   Data           2  timer.o(.data)
    Velocity_Fact                            0x200000aa   Data           2  timer.o(.data)
    PWM0                                     0x200000ac   Data           4  timer.o(.data)
    PWM1                                     0x200000b0   Data           4  timer.o(.data)
    PWM2                                     0x200000b4   Data           4  timer.o(.data)
    PWM_Yaw                                  0x200000b8   Data           4  timer.o(.data)
    yaw_measure                              0x200000bc   Data           4  timer.o(.data)
    __libspace_start                         0x200000d0   Data          96  libspace.o(.bss)
    __temporary_stack_top$libspace           0x20000130   Data           0  libspace.o(.bss)



==============================================================================

Memory Map of the image

  Image Entry point : 0x080000ed

  Load Region LR_IROM1 (Base: 0x08000000, Size: 0x000072d8, Max: 0x00010000, ABSOLUTE)

    Execution Region ER_IROM1 (Exec base: 0x08000000, Load base: 0x08000000, Size: 0x00007218, Max: 0x00010000, ABSOLUTE)

    Exec Addr    Load Addr    Size         Type   Attr      Idx    E Section Name        Object

    0x08000000   0x08000000   0x000000ec   Data   RO            3    RESET               startup_stm32f10x_md.o
    0x080000ec   0x080000ec   0x00000008   Code   RO         4427  * !!!main             c_w.l(__main.o)
    0x080000f4   0x080000f4   0x00000034   Code   RO         4906    !!!scatter          c_w.l(__scatter.o)
    0x08000128   0x08000128   0x0000001a   Code   RO         4908    !!handler_copy      c_w.l(__scatter_copy.o)
    0x08000142   0x08000142   0x00000002   PAD
    0x08000144   0x08000144   0x0000001c   Code   RO         4910    !!handler_zi        c_w.l(__scatter_zi.o)
    0x08000160   0x08000160   0x00000002   Code   RO         4762    .ARM.Collect$$libinit$$00000000  c_w.l(libinit.o)
    0x08000162   0x08000162   0x00000000   Code   RO         4781    .ARM.Collect$$libinit$$00000002  c_w.l(libinit2.o)
    0x08000162   0x08000162   0x00000000   Code   RO         4783    .ARM.Collect$$libinit$$00000004  c_w.l(libinit2.o)
    0x08000162   0x08000162   0x00000000   Code   RO         4786    .ARM.Collect$$libinit$$0000000A  c_w.l(libinit2.o)
    0x08000162   0x08000162   0x00000000   Code   RO         4788    .ARM.Collect$$libinit$$0000000C  c_w.l(libinit2.o)
    0x08000162   0x08000162   0x00000000   Code   RO         4790    .ARM.Collect$$libinit$$0000000E  c_w.l(libinit2.o)
    0x08000162   0x08000162   0x00000000   Code   RO         4793    .ARM.Collect$$libinit$$00000011  c_w.l(libinit2.o)
    0x08000162   0x08000162   0x00000000   Code   RO         4795    .ARM.Collect$$libinit$$00000013  c_w.l(libinit2.o)
    0x08000162   0x08000162   0x00000000   Code   RO         4797    .ARM.Collect$$libinit$$00000015  c_w.l(libinit2.o)
    0x08000162   0x08000162   0x00000000   Code   RO         4799    .ARM.Collect$$libinit$$00000017  c_w.l(libinit2.o)
    0x08000162   0x08000162   0x00000000   Code   RO         4801    .ARM.Collect$$libinit$$00000019  c_w.l(libinit2.o)
    0x08000162   0x08000162   0x00000000   Code   RO         4803    .ARM.Collect$$libinit$$0000001B  c_w.l(libinit2.o)
    0x08000162   0x08000162   0x00000000   Code   RO         4805    .ARM.Collect$$libinit$$0000001D  c_w.l(libinit2.o)
    0x08000162   0x08000162   0x00000000   Code   RO         4807    .ARM.Collect$$libinit$$0000001F  c_w.l(libinit2.o)
    0x08000162   0x08000162   0x00000000   Code   RO         4809    .ARM.Collect$$libinit$$00000021  c_w.l(libinit2.o)
    0x08000162   0x08000162   0x00000000   Code   RO         4811    .ARM.Collect$$libinit$$00000023  c_w.l(libinit2.o)
    0x08000162   0x08000162   0x00000000   Code   RO         4813    .ARM.Collect$$libinit$$00000025  c_w.l(libinit2.o)
    0x08000162   0x08000162   0x00000000   Code   RO         4817    .ARM.Collect$$libinit$$0000002C  c_w.l(libinit2.o)
    0x08000162   0x08000162   0x00000000   Code   RO         4819    .ARM.Collect$$libinit$$0000002E  c_w.l(libinit2.o)
    0x08000162   0x08000162   0x00000000   Code   RO         4821    .ARM.Collect$$libinit$$00000030  c_w.l(libinit2.o)
    0x08000162   0x08000162   0x00000000   Code   RO         4823    .ARM.Collect$$libinit$$00000032  c_w.l(libinit2.o)
    0x08000162   0x08000162   0x00000002   Code   RO         4824    .ARM.Collect$$libinit$$00000033  c_w.l(libinit2.o)
    0x08000164   0x08000164   0x00000002   Code   RO         4856    .ARM.Collect$$libshutdown$$00000000  c_w.l(libshutdown.o)
    0x08000166   0x08000166   0x00000000   Code   RO         4873    .ARM.Collect$$libshutdown$$00000002  c_w.l(libshutdown2.o)
    0x08000166   0x08000166   0x00000000   Code   RO         4875    .ARM.Collect$$libshutdown$$00000004  c_w.l(libshutdown2.o)
    0x08000166   0x08000166   0x00000000   Code   RO         4878    .ARM.Collect$$libshutdown$$00000007  c_w.l(libshutdown2.o)
    0x08000166   0x08000166   0x00000000   Code   RO         4881    .ARM.Collect$$libshutdown$$0000000A  c_w.l(libshutdown2.o)
    0x08000166   0x08000166   0x00000000   Code   RO         4883    .ARM.Collect$$libshutdown$$0000000C  c_w.l(libshutdown2.o)
    0x08000166   0x08000166   0x00000000   Code   RO         4886    .ARM.Collect$$libshutdown$$0000000F  c_w.l(libshutdown2.o)
    0x08000166   0x08000166   0x00000002   Code   RO         4887    .ARM.Collect$$libshutdown$$00000010  c_w.l(libshutdown2.o)
    0x08000168   0x08000168   0x00000000   Code   RO         4505    .ARM.Collect$$rtentry$$00000000  c_w.l(__rtentry.o)
    0x08000168   0x08000168   0x00000000   Code   RO         4662    .ARM.Collect$$rtentry$$00000002  c_w.l(__rtentry2.o)
    0x08000168   0x08000168   0x00000006   Code   RO         4674    .ARM.Collect$$rtentry$$00000004  c_w.l(__rtentry4.o)
    0x0800016e   0x0800016e   0x00000000   Code   RO         4664    .ARM.Collect$$rtentry$$00000009  c_w.l(__rtentry2.o)
    0x0800016e   0x0800016e   0x00000004   Code   RO         4665    .ARM.Collect$$rtentry$$0000000A  c_w.l(__rtentry2.o)
    0x08000172   0x08000172   0x00000000   Code   RO         4667    .ARM.Collect$$rtentry$$0000000C  c_w.l(__rtentry2.o)
    0x08000172   0x08000172   0x00000008   Code   RO         4668    .ARM.Collect$$rtentry$$0000000D  c_w.l(__rtentry2.o)
    0x0800017a   0x0800017a   0x00000002   Code   RO         4769    .ARM.Collect$$rtexit$$00000000  c_w.l(rtexit.o)
    0x0800017c   0x0800017c   0x00000000   Code   RO         4828    .ARM.Collect$$rtexit$$00000002  c_w.l(rtexit2.o)
    0x0800017c   0x0800017c   0x00000004   Code   RO         4829    .ARM.Collect$$rtexit$$00000003  c_w.l(rtexit2.o)
    0x08000180   0x08000180   0x00000006   Code   RO         4830    .ARM.Collect$$rtexit$$00000004  c_w.l(rtexit2.o)
    0x08000186   0x08000186   0x00000002   PAD
    0x08000188   0x08000188   0x00000040   Code   RO            4    .text               startup_stm32f10x_md.o
    0x080001c8   0x080001c8   0x00000048   Code   RO         4417    .text               c_w.l(llsdiv.o)
    0x08000210   0x08000210   0x00000058   Code   RO         4421    .text               c_w.l(memcmp.o)
    0x08000268   0x08000268   0x00000010   Code   RO         4423    .text               c_w.l(aeabi_memset.o)
    0x08000278   0x08000278   0x00000006   Code   RO         4425    .text               c_w.l(heapauxi.o)
    0x0800027e   0x0800027e   0x000000ee   Code   RO         4506    .text               c_w.l(lludivv7m.o)
    0x0800036c   0x0800036c   0x00000016   Code   RO         4508    .text               c_w.l(_rserrno.o)
    0x08000382   0x08000382   0x00000044   Code   RO         4601    .text               c_w.l(rt_memclr.o)
    0x080003c6   0x080003c6   0x00000002   PAD
    0x080003c8   0x080003c8   0x00000008   Code   RO         4683    .text               c_w.l(rt_errno_addr_intlibspace.o)
    0x080003d0   0x080003d0   0x0000004e   Code   RO         4703    .text               c_w.l(rt_memclr_w.o)
    0x0800041e   0x0800041e   0x00000002   PAD
    0x08000420   0x08000420   0x00000008   Code   RO         4711    .text               c_w.l(libspace.o)
    0x08000428   0x08000428   0x0000004a   Code   RO         4714    .text               c_w.l(sys_stackheap_outer.o)
    0x08000472   0x08000472   0x00000012   Code   RO         4755    .text               c_w.l(exit.o)
    0x08000484   0x08000484   0x0000000c   Code   RO         4844    .text               c_w.l(sys_exit.o)
    0x08000490   0x08000490   0x00000002   Code   RO         4861    .text               c_w.l(use_no_semi.o)
    0x08000492   0x08000492   0x00000000   Code   RO         4863    .text               c_w.l(indicate_semi.o)
    0x08000492   0x08000492   0x00000004   Code   RO         3565    i.BusFault_Handler  stm32f10x_it.o
    0x08000496   0x08000496   0x00000002   Code   RO         3566    i.DebugMon_Handler  stm32f10x_it.o
    0x08000498   0x08000498   0x0000001c   Code   RO         4309    i.EncoderM1_Get     encoder.o
    0x080004b4   0x080004b4   0x0000001c   Code   RO         4310    i.EncoderM2_Get     encoder.o
    0x080004d0   0x080004d0   0x000000e0   Code   RO         4311    i.Encoder_Init      encoder.o
    0x080005b0   0x080005b0   0x00000116   Code   RO         1347    i.GPIO_Init         stm32f10x_gpio.o
    0x080006c6   0x080006c6   0x00000004   Code   RO         1354    i.GPIO_ResetBits    stm32f10x_gpio.o
    0x080006ca   0x080006ca   0x00000004   Code   RO         1355    i.GPIO_SetBits      stm32f10x_gpio.o
    0x080006ce   0x080006ce   0x0000000a   Code   RO         1358    i.GPIO_WriteBit     stm32f10x_gpio.o
    0x080006d8   0x080006d8   0x00000004   Code   RO         3567    i.HardFault_Handler  stm32f10x_it.o
    0x080006dc   0x080006dc   0x00000048   Code   RO         3292    i.I_xianfu          pid.o
    0x08000724   0x08000724   0x00000040   Code   RO         4364    i.Judge_Move        motor.o
    0x08000764   0x08000764   0x0000001c   Code   RO         4365    i.Lwheel_Back       motor.o
    0x08000780   0x08000780   0x0000001c   Code   RO         4366    i.Lwheel_straight   motor.o
    0x0800079c   0x0800079c   0x00000224   Code   RO         3628    i.MPU6050_DMP_Get_Data  inv_mpu.o
    0x080009c0   0x080009c0   0x00000050   Code   RO         3629    i.MPU6050_DMP_Init  inv_mpu.o
    0x08000a10   0x08000a10   0x0000002c   Code   RO         4225    i.MPU6050_IIC_IO_Init  mpu6050_i2c.o
    0x08000a3c   0x08000a3c   0x00000050   Code   RO         4226    i.MPU6050_IIC_Read_Ack  mpu6050_i2c.o
    0x08000a8c   0x08000a8c   0x00000060   Code   RO         4227    i.MPU6050_IIC_Read_Byte  mpu6050_i2c.o
    0x08000aec   0x08000aec   0x0000001c   Code   RO         4228    i.MPU6050_IIC_SDA_IO_IN  mpu6050_i2c.o
    0x08000b08   0x08000b08   0x00000018   Code   RO         4229    i.MPU6050_IIC_SDA_IO_OUT  mpu6050_i2c.o
    0x08000b20   0x08000b20   0x00000038   Code   RO         4230    i.MPU6050_IIC_Send_Ack  mpu6050_i2c.o
    0x08000b58   0x08000b58   0x00000064   Code   RO         4231    i.MPU6050_IIC_Send_Byte  mpu6050_i2c.o
    0x08000bbc   0x08000bbc   0x00000038   Code   RO         4232    i.MPU6050_IIC_Start  mpu6050_i2c.o
    0x08000bf4   0x08000bf4   0x0000003c   Code   RO         4233    i.MPU6050_IIC_Stop  mpu6050_i2c.o
    0x08000c30   0x08000c30   0x00000072   Code   RO         4147    i.MPU6050_Init      mpu6050.o
    0x08000ca2   0x08000ca2   0x00000012   Code   RO         4151    i.MPU_Set_Accel_Fsr  mpu6050.o
    0x08000cb4   0x08000cb4   0x00000012   Code   RO         4152    i.MPU_Set_Gyro_Fsr  mpu6050.o
    0x08000cc6   0x08000cc6   0x0000003c   Code   RO         4153    i.MPU_Set_LPF       mpu6050.o
    0x08000d02   0x08000d02   0x00000038   Code   RO         4154    i.MPU_Set_Rate      mpu6050.o
    0x08000d3a   0x08000d3a   0x00000004   Code   RO         3568    i.MemManage_Handler  stm32f10x_it.o
    0x08000d3e   0x08000d3e   0x00000002   PAD
    0x08000d40   0x08000d40   0x0000004c   Code   RO         4367    i.Motor_Init        motor.o
    0x08000d8c   0x08000d8c   0x000000b0   Code   RO         3223    i.My_GPIO_Init      sys.o
    0x08000e3c   0x08000e3c   0x00000002   Code   RO         3569    i.NMI_Handler       stm32f10x_it.o
    0x08000e3e   0x08000e3e   0x00000002   PAD
    0x08000e40   0x08000e40   0x00000070   Code   RO          137    i.NVIC_Init         misc.o
    0x08000eb0   0x08000eb0   0x00000014   Code   RO          138    i.NVIC_PriorityGroupConfig  misc.o
    0x08000ec4   0x08000ec4   0x0000002a   Code   RO         3329    i.OLED_Clear        oled.o
    0x08000eee   0x08000eee   0x00000002   PAD
    0x08000ef0   0x08000ef0   0x0000004c   Code   RO         3330    i.OLED_I2C_Init     oled.o
    0x08000f3c   0x08000f3c   0x00000050   Code   RO         3331    i.OLED_I2C_SendByte  oled.o
    0x08000f8c   0x08000f8c   0x00000030   Code   RO         3332    i.OLED_I2C_Start    oled.o
    0x08000fbc   0x08000fbc   0x00000028   Code   RO         3333    i.OLED_I2C_Stop     oled.o
    0x08000fe4   0x08000fe4   0x000000ae   Code   RO         3334    i.OLED_Init         oled.o
    0x08001092   0x08001092   0x00000014   Code   RO         3335    i.OLED_Pow          oled.o
    0x080010a6   0x080010a6   0x00000022   Code   RO         3336    i.OLED_SetCursor    oled.o
    0x080010c8   0x080010c8   0x00000074   Code   RO         3338    i.OLED_ShowChar     oled.o
    0x0800113c   0x0800113c   0x00000066   Code   RO         3341    i.OLED_ShowSignedNum  oled.o
    0x080011a2   0x080011a2   0x00000020   Code   RO         3343    i.OLED_WriteCommand  oled.o
    0x080011c2   0x080011c2   0x00000020   Code   RO         3344    i.OLED_WriteData    oled.o
    0x080011e2   0x080011e2   0x00000002   PAD
    0x080011e4   0x080011e4   0x000000a4   Code   RO         4285    i.PWM_Init          pwm.o
    0x08001288   0x08001288   0x0000002c   Code   RO         4368    i.PWM_Limition      motor.o
    0x080012b4   0x080012b4   0x00000010   Code   RO         4286    i.PWM_SetCompareM1  pwm.o
    0x080012c4   0x080012c4   0x00000010   Code   RO         4287    i.PWM_SetCompareM2  pwm.o
    0x080012d4   0x080012d4   0x00000002   Code   RO         3570    i.PendSV_Handler    stm32f10x_it.o
    0x080012d6   0x080012d6   0x00000002   PAD
    0x080012d8   0x080012d8   0x00000020   Code   RO         1775    i.RCC_APB1PeriphClockCmd  stm32f10x_rcc.o
    0x080012f8   0x080012f8   0x00000020   Code   RO         1777    i.RCC_APB2PeriphClockCmd  stm32f10x_rcc.o
    0x08001318   0x08001318   0x0000001c   Code   RO         4369    i.Rwheel_Back       motor.o
    0x08001334   0x08001334   0x0000001c   Code   RO         4370    i.Rwheel_straight   motor.o
    0x08001350   0x08001350   0x00000002   Code   RO         3571    i.SVC_Handler       stm32f10x_it.o
    0x08001352   0x08001352   0x00000008   Code   RO           24    i.SetSysClock       system_stm32f10x.o
    0x0800135a   0x0800135a   0x00000002   PAD
    0x0800135c   0x0800135c   0x000000e0   Code   RO           25    i.SetSysClockTo72   system_stm32f10x.o
    0x0800143c   0x0800143c   0x00000002   Code   RO         3572    i.SysTick_Handler   stm32f10x_it.o
    0x0800143e   0x0800143e   0x00000002   PAD
    0x08001440   0x08001440   0x00000060   Code   RO           27    i.SystemInit        system_stm32f10x.o
    0x080014a0   0x080014a0   0x00000080   Code   RO         2405    i.TI1_Config        stm32f10x_tim.o
    0x08001520   0x08001520   0x00000098   Code   RO         2406    i.TI2_Config        stm32f10x_tim.o
    0x080015b8   0x080015b8   0x00000090   Code   RO         2407    i.TI3_Config        stm32f10x_tim.o
    0x08001648   0x08001648   0x00000098   Code   RO         2408    i.TI4_Config        stm32f10x_tim.o
    0x080016e0   0x080016e0   0x00000160   Code   RO         4333    i.TIM1_UP_IRQHandler  timer.o
    0x08001840   0x08001840   0x00000006   Code   RO         2416    i.TIM_ClearITPendingBit  stm32f10x_tim.o
    0x08001846   0x08001846   0x00000018   Code   RO         2421    i.TIM_Cmd           stm32f10x_tim.o
    0x0800185e   0x0800185e   0x00000042   Code   RO         2430    i.TIM_EncoderInterfaceConfig  stm32f10x_tim.o
    0x080018a0   0x080018a0   0x00000006   Code   RO         2440    i.TIM_GetCounter    stm32f10x_tim.o
    0x080018a6   0x080018a6   0x00000022   Code   RO         2442    i.TIM_GetITStatus   stm32f10x_tim.o
    0x080018c8   0x080018c8   0x000000ac   Code   RO         2444    i.TIM_ICInit        stm32f10x_tim.o
    0x08001974   0x08001974   0x00000012   Code   RO         2445    i.TIM_ICStructInit  stm32f10x_tim.o
    0x08001986   0x08001986   0x00000012   Code   RO         2446    i.TIM_ITConfig      stm32f10x_tim.o
    0x08001998   0x08001998   0x0000000c   Code   RO         2448    i.TIM_InternalClockConfig  stm32f10x_tim.o
    0x080019a4   0x080019a4   0x000000a0   Code   RO         2460    i.TIM_OC3Init       stm32f10x_tim.o
    0x08001a44   0x08001a44   0x0000007c   Code   RO         2465    i.TIM_OC4Init       stm32f10x_tim.o
    0x08001ac0   0x08001ac0   0x00000014   Code   RO         2468    i.TIM_OCStructInit  stm32f10x_tim.o
    0x08001ad4   0x08001ad4   0x00000004   Code   RO         2484    i.TIM_SetCompare3   stm32f10x_tim.o
    0x08001ad8   0x08001ad8   0x00000006   Code   RO         2485    i.TIM_SetCompare4   stm32f10x_tim.o
    0x08001ade   0x08001ade   0x00000004   Code   RO         2486    i.TIM_SetCounter    stm32f10x_tim.o
    0x08001ae2   0x08001ae2   0x00000012   Code   RO         2487    i.TIM_SetIC1Prescaler  stm32f10x_tim.o
    0x08001af4   0x08001af4   0x0000001a   Code   RO         2488    i.TIM_SetIC2Prescaler  stm32f10x_tim.o
    0x08001b0e   0x08001b0e   0x00000012   Code   RO         2489    i.TIM_SetIC3Prescaler  stm32f10x_tim.o
    0x08001b20   0x08001b20   0x0000001a   Code   RO         2490    i.TIM_SetIC4Prescaler  stm32f10x_tim.o
    0x08001b3a   0x08001b3a   0x00000002   PAD
    0x08001b3c   0x08001b3c   0x000000a4   Code   RO         2492    i.TIM_TimeBaseInit  stm32f10x_tim.o
    0x08001be0   0x08001be0   0x00000012   Code   RO         2493    i.TIM_TimeBaseStructInit  stm32f10x_tim.o
    0x08001bf2   0x08001bf2   0x00000002   PAD
    0x08001bf4   0x08001bf4   0x00000080   Code   RO         4334    i.Timer_Init        timer.o
    0x08001c74   0x08001c74   0x00000030   Code   RO         3293    i.Turn_PID_Value    pid.o
    0x08001ca4   0x08001ca4   0x00000078   Code   RO         3446    i.USART1_IRQHandler  serial.o
    0x08001d1c   0x08001d1c   0x0000001e   Code   RO         2957    i.USART_ClearITPendingBit  stm32f10x_usart.o
    0x08001d3a   0x08001d3a   0x00000054   Code   RO         2964    i.USART_GetITStatus  stm32f10x_usart.o
    0x08001d8e   0x08001d8e   0x0000000a   Code   RO         2974    i.USART_ReceiveData  stm32f10x_usart.o
    0x08001d98   0x08001d98   0x00000004   Code   RO         3573    i.UsageFault_Handler  stm32f10x_it.o
    0x08001d9c   0x08001d9c   0x000000ac   Code   RO         3294    i.Velocity_PID_Value  pid.o
    0x08001e48   0x08001e48   0x0000009c   Code   RO         3295    i.Vertical_PID_Value  pid.o
    0x08001ee4   0x08001ee4   0x00000028   Code   RO         4648    i.__ARM_fpclassify  m_ws.l(fpclassify.o)
    0x08001f0c   0x08001f0c   0x000000aa   Code   RO         4650    i.__kernel_poly     m_ws.l(poly.o)
    0x08001fb6   0x08001fb6   0x00000006   Code   RO         4635    i.__mathlib_dbl_infnan  m_ws.l(dunder.o)
    0x08001fbc   0x08001fbc   0x00000004   Code   RO         4636    i.__mathlib_dbl_infnan2  m_ws.l(dunder.o)
    0x08001fc0   0x08001fc0   0x0000000c   Code   RO         4637    i.__mathlib_dbl_invalid  m_ws.l(dunder.o)
    0x08001fcc   0x08001fcc   0x00000010   Code   RO         4640    i.__mathlib_dbl_underflow  m_ws.l(dunder.o)
    0x08001fdc   0x08001fdc   0x000000a8   Code   RO         3630    i.accel_self_test   inv_mpu.o
    0x08002084   0x08002084   0x00000270   Code   RO         4488    i.asin              m_ws.l(asin.o)
    0x080022f4   0x080022f4   0x00000220   Code   RO         4625    i.atan              m_ws.l(atan.o)
    0x08002514   0x08002514   0x00000180   Code   RO         4498    i.atan2             m_ws.l(atan2.o)
    0x08002694   0x08002694   0x00000064   Code   RO         3967    i.decode_gesture    inv_mpu_dmp_motion_driver.o
    0x080026f8   0x080026f8   0x00000018   Code   RO         3196    i.delay_ms          delay.o
    0x08002710   0x08002710   0x0000002e   Code   RO         3198    i.delay_us          delay.o
    0x0800273e   0x0800273e   0x0000003c   Code   RO         3968    i.dmp_enable_6x_lp_quat  inv_mpu_dmp_motion_driver.o
    0x0800277a   0x0800277a   0x00000002   PAD
    0x0800277c   0x0800277c   0x0000021c   Code   RO         3969    i.dmp_enable_feature  inv_mpu_dmp_motion_driver.o
    0x08002998   0x08002998   0x00000058   Code   RO         3970    i.dmp_enable_gyro_cal  inv_mpu_dmp_motion_driver.o
    0x080029f0   0x080029f0   0x0000003c   Code   RO         3971    i.dmp_enable_lp_quat  inv_mpu_dmp_motion_driver.o
    0x08002a2c   0x08002a2c   0x00000018   Code   RO         3976    i.dmp_load_motion_driver_firmware  inv_mpu_dmp_motion_driver.o
    0x08002a44   0x08002a44   0x000001c8   Code   RO         3977    i.dmp_read_fifo     inv_mpu_dmp_motion_driver.o
    0x08002c0c   0x08002c0c   0x00000130   Code   RO         3980    i.dmp_set_accel_bias  inv_mpu_dmp_motion_driver.o
    0x08002d3c   0x08002d3c   0x00000070   Code   RO         3981    i.dmp_set_fifo_rate  inv_mpu_dmp_motion_driver.o
    0x08002dac   0x08002dac   0x00000130   Code   RO         3982    i.dmp_set_gyro_bias  inv_mpu_dmp_motion_driver.o
    0x08002edc   0x08002edc   0x00000138   Code   RO         3984    i.dmp_set_orientation  inv_mpu_dmp_motion_driver.o
    0x08003014   0x08003014   0x00000038   Code   RO         3987    i.dmp_set_shake_reject_thresh  inv_mpu_dmp_motion_driver.o
    0x0800304c   0x0800304c   0x00000026   Code   RO         3988    i.dmp_set_shake_reject_time  inv_mpu_dmp_motion_driver.o
    0x08003072   0x08003072   0x00000026   Code   RO         3989    i.dmp_set_shake_reject_timeout  inv_mpu_dmp_motion_driver.o
    0x08003098   0x08003098   0x00000046   Code   RO         3990    i.dmp_set_tap_axes  inv_mpu_dmp_motion_driver.o
    0x080030de   0x080030de   0x00000026   Code   RO         3991    i.dmp_set_tap_count  inv_mpu_dmp_motion_driver.o
    0x08003104   0x08003104   0x000001a0   Code   RO         3992    i.dmp_set_tap_thresh  inv_mpu_dmp_motion_driver.o
    0x080032a4   0x080032a4   0x00000026   Code   RO         3993    i.dmp_set_tap_time  inv_mpu_dmp_motion_driver.o
    0x080032ca   0x080032ca   0x00000026   Code   RO         3994    i.dmp_set_tap_time_multi  inv_mpu_dmp_motion_driver.o
    0x080032f0   0x080032f0   0x000000b4   Code   RO         3631    i.get_accel_prod_shift  inv_mpu.o
    0x080033a4   0x080033a4   0x00000470   Code   RO         3633    i.get_st_biases     inv_mpu.o
    0x08003814   0x08003814   0x00000110   Code   RO         3634    i.gyro_self_test    inv_mpu.o
    0x08003924   0x08003924   0x00000028   Code   RO         3635    i.inv_orientation_matrix_to_scalar  inv_mpu.o
    0x0800394c   0x0800394c   0x0000004e   Code   RO         3636    i.inv_row_2_scale   inv_mpu.o
    0x0800399a   0x0800399a   0x00000002   PAD
    0x0800399c   0x0800399c   0x000000cc   Code   RO         3519    i.main              main.o
    0x08003a68   0x08003a68   0x0000005c   Code   RO         4155    i.mpu6050_read      mpu6050.o
    0x08003ac4   0x08003ac4   0x00000016   Code   RO         4156    i.mpu6050_read_reg  mpu6050.o
    0x08003ada   0x08003ada   0x00000044   Code   RO         4157    i.mpu6050_write     mpu6050.o
    0x08003b1e   0x08003b1e   0x00000012   Code   RO         4158    i.mpu6050_write_reg  mpu6050.o
    0x08003b30   0x08003b30   0x00000070   Code   RO         3637    i.mpu_configure_fifo  inv_mpu.o
    0x08003ba0   0x08003ba0   0x0000004c   Code   RO         3638    i.mpu_get_accel_fsr  inv_mpu.o
    0x08003bec   0x08003bec   0x00000054   Code   RO         3640    i.mpu_get_accel_sens  inv_mpu.o
    0x08003c40   0x08003c40   0x00000010   Code   RO         3645    i.mpu_get_fifo_config  inv_mpu.o
    0x08003c50   0x08003c50   0x00000044   Code   RO         3646    i.mpu_get_gyro_fsr  inv_mpu.o
    0x08003c94   0x08003c94   0x00000050   Code   RO         3648    i.mpu_get_gyro_sens  inv_mpu.o
    0x08003ce4   0x08003ce4   0x00000050   Code   RO         3650    i.mpu_get_lpf       inv_mpu.o
    0x08003d34   0x08003d34   0x00000020   Code   RO         3652    i.mpu_get_sample_rate  inv_mpu.o
    0x08003d54   0x08003d54   0x00000190   Code   RO         3654    i.mpu_init          inv_mpu.o
    0x08003ee4   0x08003ee4   0x000000b8   Code   RO         3655    i.mpu_load_firmware  inv_mpu.o
    0x08003f9c   0x08003f9c   0x000000e0   Code   RO         3656    i.mpu_lp_accel_mode  inv_mpu.o
    0x0800407c   0x0800407c   0x000000c0   Code   RO         3659    i.mpu_read_fifo_stream  inv_mpu.o
    0x0800413c   0x0800413c   0x00000080   Code   RO         3660    i.mpu_read_mem      inv_mpu.o
    0x080041bc   0x080041bc   0x000001c8   Code   RO         3663    i.mpu_reset_fifo    inv_mpu.o
    0x08004384   0x08004384   0x0000011c   Code   RO         3664    i.mpu_run_self_test  inv_mpu.o
    0x080044a0   0x080044a0   0x00000084   Code   RO         3666    i.mpu_set_accel_fsr  inv_mpu.o
    0x08004524   0x08004524   0x0000014c   Code   RO         3667    i.mpu_set_bypass    inv_mpu.o
    0x08004670   0x08004670   0x00000090   Code   RO         3669    i.mpu_set_dmp_state  inv_mpu.o
    0x08004700   0x08004700   0x00000088   Code   RO         3670    i.mpu_set_gyro_fsr  inv_mpu.o
    0x08004788   0x08004788   0x0000006c   Code   RO         3671    i.mpu_set_int_latched  inv_mpu.o
    0x080047f4   0x080047f4   0x00000084   Code   RO         3673    i.mpu_set_lpf       inv_mpu.o
    0x08004878   0x08004878   0x0000009c   Code   RO         3674    i.mpu_set_sample_rate  inv_mpu.o
    0x08004914   0x08004914   0x000000d0   Code   RO         3675    i.mpu_set_sensors   inv_mpu.o
    0x080049e4   0x080049e4   0x00000080   Code   RO         3676    i.mpu_write_mem     inv_mpu.o
    0x08004a64   0x08004a64   0x00000014   Code   RO         3226    i.power             sys.o
    0x08004a78   0x08004a78   0x00000094   Code   RO         3677    i.run_self_test     inv_mpu.o
    0x08004b0c   0x08004b0c   0x00000090   Code   RO         3678    i.set_int_enable    inv_mpu.o
    0x08004b9c   0x08004b9c   0x0000004c   Code   RO         4654    i.sqrt              m_ws.l(sqrt.o)
    0x08004be8   0x08004be8   0x00000062   Code   RO         4429    x$fpl$d2f           fz_ws.l(d2f.o)
    0x08004c4a   0x08004c4a   0x00000002   PAD
    0x08004c4c   0x08004c4c   0x00000150   Code   RO         4431    x$fpl$dadd          fz_ws.l(daddsub_clz.o)
    0x08004d9c   0x08004d9c   0x00000010   Code   RO         4705    x$fpl$dcheck1       fz_ws.l(dcheck1.o)
    0x08004dac   0x08004dac   0x000002b0   Code   RO         4438    x$fpl$ddiv          fz_ws.l(ddiv.o)
    0x0800505c   0x0800505c   0x0000005e   Code   RO         4441    x$fpl$dfix          fz_ws.l(dfix.o)
    0x080050ba   0x080050ba   0x0000002e   Code   RO         4446    x$fpl$dflt          fz_ws.l(dflt_clz.o)
    0x080050e8   0x080050e8   0x00000154   Code   RO         4451    x$fpl$dmul          fz_ws.l(dmul.o)
    0x0800523c   0x0800523c   0x0000009c   Code   RO         4603    x$fpl$dnaninf       fz_ws.l(dnaninf.o)
    0x080052d8   0x080052d8   0x0000000c   Code   RO         4605    x$fpl$dretinf       fz_ws.l(dretinf.o)
    0x080052e4   0x080052e4   0x00000016   Code   RO         4432    x$fpl$drsb          fz_ws.l(daddsub_clz.o)
    0x080052fa   0x080052fa   0x00000002   PAD
    0x080052fc   0x080052fc   0x000001cc   Code   RO         4709    x$fpl$dsqrt         fz_ws.l(dsqrt_noumaal.o)
    0x080054c8   0x080054c8   0x000001d4   Code   RO         4433    x$fpl$dsub          fz_ws.l(daddsub_clz.o)
    0x0800569c   0x0800569c   0x00000056   Code   RO         4453    x$fpl$f2d           fz_ws.l(f2d.o)
    0x080056f2   0x080056f2   0x00000002   PAD
    0x080056f4   0x080056f4   0x000000c4   Code   RO         4455    x$fpl$fadd          fz_ws.l(faddsub_clz.o)
    0x080057b8   0x080057b8   0x00000018   Code   RO         4607    x$fpl$fcmpinf       fz_ws.l(fcmpi.o)
    0x080057d0   0x080057d0   0x00000184   Code   RO         4462    x$fpl$fdiv          fz_ws.l(fdiv.o)
    0x08005954   0x08005954   0x00000068   Code   RO         4465    x$fpl$feqf          fz_ws.l(feqf.o)
    0x080059bc   0x080059bc   0x00000036   Code   RO         4467    x$fpl$ffix          fz_ws.l(ffix.o)
    0x080059f2   0x080059f2   0x00000002   PAD
    0x080059f4   0x080059f4   0x0000003e   Code   RO         4471    x$fpl$ffixu         fz_ws.l(ffixu.o)
    0x08005a32   0x08005a32   0x00000002   PAD
    0x08005a34   0x08005a34   0x00000030   Code   RO         4476    x$fpl$fflt          fz_ws.l(fflt_clz.o)
    0x08005a64   0x08005a64   0x00000026   Code   RO         4475    x$fpl$ffltu         fz_ws.l(fflt_clz.o)
    0x08005a8a   0x08005a8a   0x00000002   PAD
    0x08005a8c   0x08005a8c   0x00000068   Code   RO         4481    x$fpl$fleqf         fz_ws.l(fleqf.o)
    0x08005af4   0x08005af4   0x00000102   Code   RO         4483    x$fpl$fmul          fz_ws.l(fmul.o)
    0x08005bf6   0x08005bf6   0x0000008c   Code   RO         4609    x$fpl$fnaninf       fz_ws.l(fnaninf.o)
    0x08005c82   0x08005c82   0x0000000a   Code   RO         4611    x$fpl$fretinf       fz_ws.l(fretinf.o)
    0x08005c8c   0x08005c8c   0x00000062   Code   RO         4485    x$fpl$frleqf        fz_ws.l(frleqf.o)
    0x08005cee   0x08005cee   0x00000002   PAD
    0x08005cf0   0x08005cf0   0x000000ea   Code   RO         4457    x$fpl$fsub          fz_ws.l(faddsub_clz.o)
    0x08005dda   0x08005dda   0x00000064   Code   RO         4767    x$fpl$retnan        fz_ws.l(retnan.o)
    0x08005e3e   0x08005e3e   0x0000005c   Code   RO         4621    x$fpl$scalbn        fz_ws.l(scalbn.o)
    0x08005e9a   0x08005e9a   0x00000030   Code   RO         4825    x$fpl$trapveneer    fz_ws.l(trapv.o)
    0x08005eca   0x08005eca   0x00000000   Code   RO         4623    x$fpl$usenofp       fz_ws.l(usenofp.o)
    0x08005eca   0x08005eca   0x000005f0   Data   RO         3345    .constdata          oled.o
    0x080064ba   0x080064ba   0x00000002   PAD
    0x080064bc   0x080064bc   0x00000050   Data   RO         3679    .constdata          inv_mpu.o
    0x0800650c   0x0800650c   0x00000bf6   Data   RO         3996    .constdata          inv_mpu_dmp_motion_driver.o
    0x08007102   0x08007102   0x00000006   PAD
    0x08007108   0x08007108   0x00000050   Data   RO         4489    .constdata          m_ws.l(asin.o)
    0x08007158   0x08007158   0x00000098   Data   RO         4626    .constdata          m_ws.l(atan.o)
    0x080071f0   0x080071f0   0x00000008   Data   RO         4652    .constdata          m_ws.l(qnan.o)
    0x080071f8   0x080071f8   0x00000020   Data   RO         4904    Region$$Table       anon$$obj.o


    Execution Region RW_IRAM1 (Exec base: 0x20000000, Load base: 0x08007218, Size: 0x00000730, Max: 0x00005000, ABSOLUTE)

    Exec Addr    Load Addr    Size         Type   Attr      Idx    E Section Name        Object

    0x20000000   0x08007218   0x00000024   Data   RW         3296    .data               pid.o
    0x20000024   0x0800723c   0x0000000b   Data   RW         3448    .data               serial.o
    0x2000002f   0x08007247   0x00000001   PAD
    0x20000030   0x08007248   0x0000002c   Data   RW         3520    .data               main.o
    0x2000005c   0x08007274   0x00000035   Data   RW         3680    .data               inv_mpu.o
    0x20000091   0x080072a9   0x00000003   PAD
    0x20000094   0x080072ac   0x0000002c   Data   RW         4335    .data               timer.o
    0x200000c0        -       0x00000010   Zero   RW         3995    .bss                inv_mpu_dmp_motion_driver.o
    0x200000d0        -       0x00000060   Zero   RW         4712    .bss                c_w.l(libspace.o)
    0x20000130        -       0x00000200   Zero   RW            2    HEAP                startup_stm32f10x_md.o
    0x20000330        -       0x00000400   Zero   RW            1    STACK               startup_stm32f10x_md.o


==============================================================================

Image component sizes


      Code (inc. data)   RO Data    RW Data    ZI Data      Debug   Object Name

         0          0          0          0          0       4500   core_cm3.o
        70          0          0          0          0        850   delay.o
       280         24          0          0          0       1479   encoder.o
      6686        214         80         53          0      28454   inv_mpu.o
      3092        124       3062          0         16      19334   inv_mpu_dmp_motion_driver.o
       204         42          0         44          0        917   main.o
       132         22          0          0          0     204563   misc.o
       296         22          0          0          0       3073   motor.o
       466          0          0          0          0       5333   mpu6050.o
       544         76          0          0          0       4564   mpu6050_i2c.o
       796         26       1520          0          0       6601   oled.o
       448         76          0         36          0       2631   pid.o
       196          4          0          0          0       1541   pwm.o
       120         18          0         11          0       1192   serial.o
        64         26        236          0       1536        784   startup_stm32f10x_md.o
         0          0          0          0          0       1620   stm32f10x_adc.o
       296          0          0          0          0      11524   stm32f10x_gpio.o
        26          0          0          0          0       3406   stm32f10x_it.o
        64         12          0          0          0       1002   stm32f10x_rcc.o
      1520        170          0          0          0      34363   stm32f10x_tim.o
       124          0          0          0          0       9038   stm32f10x_usart.o
       196          4          0          0          0       3403   sys.o
       328         28          0          0          0      30257   system_stm32f10x.o
       480         88          0         44          0       1515   timer.o

    ----------------------------------------------------------------------
     16450        976       4938        192       1552     381944   Object Totals
         0          0         32          0          0          0   (incl. Generated)
        22          0          8          4          0          0   (incl. Padding)

    ----------------------------------------------------------------------

      Code (inc. data)   RO Data    RW Data    ZI Data      Debug   Library Member Name

         8          0          0          0          0         68   __main.o
         0          0          0          0          0          0   __rtentry.o
        12          0          0          0          0          0   __rtentry2.o
         6          0          0          0          0          0   __rtentry4.o
        52          8          0          0          0          0   __scatter.o
        26          0          0          0          0          0   __scatter_copy.o
        28          0          0          0          0          0   __scatter_zi.o
        22          0          0          0          0        100   _rserrno.o
        16          0          0          0          0         68   aeabi_memset.o
        18          0          0          0          0         80   exit.o
         6          0          0          0          0        152   heapauxi.o
         0          0          0          0          0          0   indicate_semi.o
         2          0          0          0          0          0   libinit.o
         2          0          0          0          0          0   libinit2.o
         2          0          0          0          0          0   libshutdown.o
         2          0          0          0          0          0   libshutdown2.o
         8          4          0          0         96         68   libspace.o
        72          0          0          0          0         76   llsdiv.o
       238          0          0          0          0        100   lludivv7m.o
        88          0          0          0          0         76   memcmp.o
         8          4          0          0          0         68   rt_errno_addr_intlibspace.o
        68          0          0          0          0         68   rt_memclr.o
        78          0          0          0          0         80   rt_memclr_w.o
         2          0          0          0          0          0   rtexit.o
        10          0          0          0          0          0   rtexit2.o
        12          4          0          0          0         68   sys_exit.o
        74          0          0          0          0         80   sys_stackheap_outer.o
         2          0          0          0          0         68   use_no_semi.o
        98          4          0          0          0         92   d2f.o
       826         16          0          0          0        348   daddsub_clz.o
        16          4          0          0          0         68   dcheck1.o
       688        140          0          0          0        208   ddiv.o
        94          4          0          0          0         92   dfix.o
        46          0          0          0          0         68   dflt_clz.o
       340         12          0          0          0        104   dmul.o
       156          4          0          0          0         92   dnaninf.o
        12          0          0          0          0         68   dretinf.o
       460         56          0          0          0        120   dsqrt_noumaal.o
        86          4          0          0          0         84   f2d.o
       430          8          0          0          0        168   faddsub_clz.o
        24          0          0          0          0         68   fcmpi.o
       388         76          0          0          0         96   fdiv.o
       104          4          0          0          0         84   feqf.o
        54          4          0          0          0         84   ffix.o
        62          4          0          0          0         84   ffixu.o
        86          0          0          0          0        136   fflt_clz.o
       104          4          0          0          0         84   fleqf.o
       258          4          0          0          0         84   fmul.o
       140          4          0          0          0         84   fnaninf.o
        10          0          0          0          0         68   fretinf.o
        98          0          0          0          0         68   frleqf.o
       100          0          0          0          0         68   retnan.o
        92          0          0          0          0         68   scalbn.o
        48          0          0          0          0         68   trapv.o
         0          0          0          0          0          0   usenofp.o
       624         52         80          0          0        168   asin.o
       544         70        152          0          0        124   atan.o
       384         38          0          0          0        144   atan2.o
        38          6          0          0          0        272   dunder.o
        40          0          0          0          0         68   fpclassify.o
       170          0          0          0          0         96   poly.o
         0          0          8          0          0          0   qnan.o
        76          0          0          0          0         84   sqrt.o

    ----------------------------------------------------------------------
      7580        538        240          0         96       4832   Library Totals
        22          0          0          0          0          0   (incl. Padding)

    ----------------------------------------------------------------------

      Code (inc. data)   RO Data    RW Data    ZI Data      Debug   Library Name

       862         20          0          0         96       1220   c_w.l
      4820        352          0          0          0       2656   fz_ws.l
      1876        166        240          0          0        956   m_ws.l

    ----------------------------------------------------------------------
      7580        538        240          0         96       4832   Library Totals

    ----------------------------------------------------------------------

==============================================================================


      Code (inc. data)   RO Data    RW Data    ZI Data      Debug   

     24030       1514       5178        192       1648     376216   Grand Totals
     24030       1514       5178        192       1648     376216   ELF Image Totals
     24030       1514       5178        192          0          0   ROM Totals

==============================================================================

    Total RO  Size (Code + RO Data)                29208 (  28.52kB)
    Total RW  Size (RW Data + ZI Data)              1840 (   1.80kB)
    Total ROM Size (Code + RO Data + RW Data)      29400 (  28.71kB)

==============================================================================

